Archive member included to satisfy reference by file (symbol)

c:/apps/stm32cubeide_1.12.1/stm32cubeide/plugins/com.st.stm32cube.ide.mcu.externaltools.gnu-tools-for-stm32.10.3-2021.10.win32_1.0.200.202301161003/tools/bin/../lib/gcc/arm-none-eabi/10.3.1/../../../../arm-none-eabi/lib/thumb/v7e-m+fp/hard\libc_nano.a(lib_a-errno.o)
                              ./Src/syscalls.o (__errno)
c:/apps/stm32cubeide_1.12.1/stm32cubeide/plugins/com.st.stm32cube.ide.mcu.externaltools.gnu-tools-for-stm32.10.3-2021.10.win32_1.0.200.202301161003/tools/bin/../lib/gcc/arm-none-eabi/10.3.1/../../../../arm-none-eabi/lib/thumb/v7e-m+fp/hard\libc_nano.a(lib_a-exit.o)
                              c:/apps/stm32cubeide_1.12.1/stm32cubeide/plugins/com.st.stm32cube.ide.mcu.externaltools.gnu-tools-for-stm32.10.3-2021.10.win32_1.0.200.202301161003/tools/bin/../lib/gcc/arm-none-eabi/10.3.1/../../../../arm-none-eabi/lib/thumb/v7e-m+fp/hard/crt0.o (exit)
c:/apps/stm32cubeide_1.12.1/stm32cubeide/plugins/com.st.stm32cube.ide.mcu.externaltools.gnu-tools-for-stm32.10.3-2021.10.win32_1.0.200.202301161003/tools/bin/../lib/gcc/arm-none-eabi/10.3.1/../../../../arm-none-eabi/lib/thumb/v7e-m+fp/hard\libc_nano.a(lib_a-impure.o)
                              c:/apps/stm32cubeide_1.12.1/stm32cubeide/plugins/com.st.stm32cube.ide.mcu.externaltools.gnu-tools-for-stm32.10.3-2021.10.win32_1.0.200.202301161003/tools/bin/../lib/gcc/arm-none-eabi/10.3.1/../../../../arm-none-eabi/lib/thumb/v7e-m+fp/hard\libc_nano.a(lib_a-exit.o) (_global_impure_ptr)
c:/apps/stm32cubeide_1.12.1/stm32cubeide/plugins/com.st.stm32cube.ide.mcu.externaltools.gnu-tools-for-stm32.10.3-2021.10.win32_1.0.200.202301161003/tools/bin/../lib/gcc/arm-none-eabi/10.3.1/../../../../arm-none-eabi/lib/thumb/v7e-m+fp/hard\libc_nano.a(lib_a-init.o)
                              c:/apps/stm32cubeide_1.12.1/stm32cubeide/plugins/com.st.stm32cube.ide.mcu.externaltools.gnu-tools-for-stm32.10.3-2021.10.win32_1.0.200.202301161003/tools/bin/../lib/gcc/arm-none-eabi/10.3.1/../../../../arm-none-eabi/lib/thumb/v7e-m+fp/hard/crt0.o (__libc_init_array)
c:/apps/stm32cubeide_1.12.1/stm32cubeide/plugins/com.st.stm32cube.ide.mcu.externaltools.gnu-tools-for-stm32.10.3-2021.10.win32_1.0.200.202301161003/tools/bin/../lib/gcc/arm-none-eabi/10.3.1/../../../../arm-none-eabi/lib/thumb/v7e-m+fp/hard\libc_nano.a(lib_a-memset.o)
                              c:/apps/stm32cubeide_1.12.1/stm32cubeide/plugins/com.st.stm32cube.ide.mcu.externaltools.gnu-tools-for-stm32.10.3-2021.10.win32_1.0.200.202301161003/tools/bin/../lib/gcc/arm-none-eabi/10.3.1/../../../../arm-none-eabi/lib/thumb/v7e-m+fp/hard/crt0.o (memset)

Discarded input sections

 .text          0x0000000000000000        0x0 c:/apps/stm32cubeide_1.12.1/stm32cubeide/plugins/com.st.stm32cube.ide.mcu.externaltools.gnu-tools-for-stm32.10.3-2021.10.win32_1.0.200.202301161003/tools/bin/../lib/gcc/arm-none-eabi/10.3.1/thumb/v7e-m+fp/hard/crti.o
 .data          0x0000000000000000        0x0 c:/apps/stm32cubeide_1.12.1/stm32cubeide/plugins/com.st.stm32cube.ide.mcu.externaltools.gnu-tools-for-stm32.10.3-2021.10.win32_1.0.200.202301161003/tools/bin/../lib/gcc/arm-none-eabi/10.3.1/thumb/v7e-m+fp/hard/crti.o
 .bss           0x0000000000000000        0x0 c:/apps/stm32cubeide_1.12.1/stm32cubeide/plugins/com.st.stm32cube.ide.mcu.externaltools.gnu-tools-for-stm32.10.3-2021.10.win32_1.0.200.202301161003/tools/bin/../lib/gcc/arm-none-eabi/10.3.1/thumb/v7e-m+fp/hard/crti.o
 .data          0x0000000000000000        0x4 c:/apps/stm32cubeide_1.12.1/stm32cubeide/plugins/com.st.stm32cube.ide.mcu.externaltools.gnu-tools-for-stm32.10.3-2021.10.win32_1.0.200.202301161003/tools/bin/../lib/gcc/arm-none-eabi/10.3.1/thumb/v7e-m+fp/hard/crtbegin.o
 .rodata        0x0000000000000000       0x24 c:/apps/stm32cubeide_1.12.1/stm32cubeide/plugins/com.st.stm32cube.ide.mcu.externaltools.gnu-tools-for-stm32.10.3-2021.10.win32_1.0.200.202301161003/tools/bin/../lib/gcc/arm-none-eabi/10.3.1/thumb/v7e-m+fp/hard/crtbegin.o
 .text          0x0000000000000000       0x7c c:/apps/stm32cubeide_1.12.1/stm32cubeide/plugins/com.st.stm32cube.ide.mcu.externaltools.gnu-tools-for-stm32.10.3-2021.10.win32_1.0.200.202301161003/tools/bin/../lib/gcc/arm-none-eabi/10.3.1/../../../../arm-none-eabi/lib/thumb/v7e-m+fp/hard/crt0.o
 .data          0x0000000000000000        0x0 c:/apps/stm32cubeide_1.12.1/stm32cubeide/plugins/com.st.stm32cube.ide.mcu.externaltools.gnu-tools-for-stm32.10.3-2021.10.win32_1.0.200.202301161003/tools/bin/../lib/gcc/arm-none-eabi/10.3.1/../../../../arm-none-eabi/lib/thumb/v7e-m+fp/hard/crt0.o
 .bss           0x0000000000000000        0x0 c:/apps/stm32cubeide_1.12.1/stm32cubeide/plugins/com.st.stm32cube.ide.mcu.externaltools.gnu-tools-for-stm32.10.3-2021.10.win32_1.0.200.202301161003/tools/bin/../lib/gcc/arm-none-eabi/10.3.1/../../../../arm-none-eabi/lib/thumb/v7e-m+fp/hard/crt0.o
 .ARM.extab     0x0000000000000000        0x0 c:/apps/stm32cubeide_1.12.1/stm32cubeide/plugins/com.st.stm32cube.ide.mcu.externaltools.gnu-tools-for-stm32.10.3-2021.10.win32_1.0.200.202301161003/tools/bin/../lib/gcc/arm-none-eabi/10.3.1/../../../../arm-none-eabi/lib/thumb/v7e-m+fp/hard/crt0.o
 .ARM.exidx     0x0000000000000000       0x10 c:/apps/stm32cubeide_1.12.1/stm32cubeide/plugins/com.st.stm32cube.ide.mcu.externaltools.gnu-tools-for-stm32.10.3-2021.10.win32_1.0.200.202301161003/tools/bin/../lib/gcc/arm-none-eabi/10.3.1/../../../../arm-none-eabi/lib/thumb/v7e-m+fp/hard/crt0.o
 .ARM.attributes
                0x0000000000000000       0x1c c:/apps/stm32cubeide_1.12.1/stm32cubeide/plugins/com.st.stm32cube.ide.mcu.externaltools.gnu-tools-for-stm32.10.3-2021.10.win32_1.0.200.202301161003/tools/bin/../lib/gcc/arm-none-eabi/10.3.1/../../../../arm-none-eabi/lib/thumb/v7e-m+fp/hard/crt0.o
 .group         0x0000000000000000        0xc ./Src/005_button_interrupt.o
 .group         0x0000000000000000        0xc ./Src/005_button_interrupt.o
 .group         0x0000000000000000        0xc ./Src/005_button_interrupt.o
 .group         0x0000000000000000        0xc ./Src/005_button_interrupt.o
 .group         0x0000000000000000        0xc ./Src/005_button_interrupt.o
 .group         0x0000000000000000        0xc ./Src/005_button_interrupt.o
 .group         0x0000000000000000        0xc ./Src/005_button_interrupt.o
 .group         0x0000000000000000        0xc ./Src/005_button_interrupt.o
 .group         0x0000000000000000        0xc ./Src/005_button_interrupt.o
 .group         0x0000000000000000        0xc ./Src/005_button_interrupt.o
 .group         0x0000000000000000        0xc ./Src/005_button_interrupt.o
 .group         0x0000000000000000        0xc ./Src/005_button_interrupt.o
 .group         0x0000000000000000        0xc ./Src/005_button_interrupt.o
 .group         0x0000000000000000        0xc ./Src/005_button_interrupt.o
 .group         0x0000000000000000        0xc ./Src/005_button_interrupt.o
 .group         0x0000000000000000        0xc ./Src/005_button_interrupt.o
 .group         0x0000000000000000        0xc ./Src/005_button_interrupt.o
 .group         0x0000000000000000        0xc ./Src/005_button_interrupt.o
 .group         0x0000000000000000        0xc ./Src/005_button_interrupt.o
 .group         0x0000000000000000        0xc ./Src/005_button_interrupt.o
 .group         0x0000000000000000        0xc ./Src/005_button_interrupt.o
 .group         0x0000000000000000        0xc ./Src/005_button_interrupt.o
 .group         0x0000000000000000        0xc ./Src/005_button_interrupt.o
 .group         0x0000000000000000        0xc ./Src/005_button_interrupt.o
 .group         0x0000000000000000        0xc ./Src/005_button_interrupt.o
 .group         0x0000000000000000        0xc ./Src/005_button_interrupt.o
 .group         0x0000000000000000        0xc ./Src/005_button_interrupt.o
 .group         0x0000000000000000        0xc ./Src/005_button_interrupt.o
 .text          0x0000000000000000        0x0 ./Src/005_button_interrupt.o
 .data          0x0000000000000000        0x0 ./Src/005_button_interrupt.o
 .bss           0x0000000000000000        0x0 ./Src/005_button_interrupt.o
 .group         0x0000000000000000        0xc ./Src/syscalls.o
 .group         0x0000000000000000        0xc ./Src/syscalls.o
 .group         0x0000000000000000        0xc ./Src/syscalls.o
 .group         0x0000000000000000        0xc ./Src/syscalls.o
 .group         0x0000000000000000        0xc ./Src/syscalls.o
 .group         0x0000000000000000        0xc ./Src/syscalls.o
 .group         0x0000000000000000        0xc ./Src/syscalls.o
 .group         0x0000000000000000        0xc ./Src/syscalls.o
 .group         0x0000000000000000        0xc ./Src/syscalls.o
 .group         0x0000000000000000        0xc ./Src/syscalls.o
 .group         0x0000000000000000        0xc ./Src/syscalls.o
 .group         0x0000000000000000        0xc ./Src/syscalls.o
 .group         0x0000000000000000        0xc ./Src/syscalls.o
 .group         0x0000000000000000        0xc ./Src/syscalls.o
 .group         0x0000000000000000        0xc ./Src/syscalls.o
 .group         0x0000000000000000        0xc ./Src/syscalls.o
 .group         0x0000000000000000        0xc ./Src/syscalls.o
 .group         0x0000000000000000        0xc ./Src/syscalls.o
 .group         0x0000000000000000        0xc ./Src/syscalls.o
 .group         0x0000000000000000        0xc ./Src/syscalls.o
 .group         0x0000000000000000        0xc ./Src/syscalls.o
 .group         0x0000000000000000        0xc ./Src/syscalls.o
 .group         0x0000000000000000        0xc ./Src/syscalls.o
 .group         0x0000000000000000        0xc ./Src/syscalls.o
 .group         0x0000000000000000        0xc ./Src/syscalls.o
 .group         0x0000000000000000        0xc ./Src/syscalls.o
 .group         0x0000000000000000        0xc ./Src/syscalls.o
 .group         0x0000000000000000        0xc ./Src/syscalls.o
 .group         0x0000000000000000        0xc ./Src/syscalls.o
 .group         0x0000000000000000        0xc ./Src/syscalls.o
 .group         0x0000000000000000        0xc ./Src/syscalls.o
 .group         0x0000000000000000        0xc ./Src/syscalls.o
 .group         0x0000000000000000        0xc ./Src/syscalls.o
 .group         0x0000000000000000        0xc ./Src/syscalls.o
 .group         0x0000000000000000        0xc ./Src/syscalls.o
 .group         0x0000000000000000        0xc ./Src/syscalls.o
 .group         0x0000000000000000        0xc ./Src/syscalls.o
 .group         0x0000000000000000        0xc ./Src/syscalls.o
 .group         0x0000000000000000        0xc ./Src/syscalls.o
 .group         0x0000000000000000        0xc ./Src/syscalls.o
 .group         0x0000000000000000        0xc ./Src/syscalls.o
 .group         0x0000000000000000        0xc ./Src/syscalls.o
 .group         0x0000000000000000        0xc ./Src/syscalls.o
 .group         0x0000000000000000        0xc ./Src/syscalls.o
 .group         0x0000000000000000        0xc ./Src/syscalls.o
 .group         0x0000000000000000        0xc ./Src/syscalls.o
 .group         0x0000000000000000        0xc ./Src/syscalls.o
 .text          0x0000000000000000        0x0 ./Src/syscalls.o
 .data          0x0000000000000000        0x0 ./Src/syscalls.o
 .bss           0x0000000000000000        0x0 ./Src/syscalls.o
 .bss.__env     0x0000000000000000        0x4 ./Src/syscalls.o
 .data.environ  0x0000000000000000        0x4 ./Src/syscalls.o
 .text.initialise_monitor_handles
                0x0000000000000000        0xe ./Src/syscalls.o
 .text._getpid  0x0000000000000000       0x10 ./Src/syscalls.o
 .text._kill    0x0000000000000000       0x20 ./Src/syscalls.o
 .text._exit    0x0000000000000000       0x14 ./Src/syscalls.o
 .text._read    0x0000000000000000       0x3a ./Src/syscalls.o
 .text._write   0x0000000000000000       0x38 ./Src/syscalls.o
 .text._close   0x0000000000000000       0x18 ./Src/syscalls.o
 .text._fstat   0x0000000000000000       0x20 ./Src/syscalls.o
 .text._isatty  0x0000000000000000       0x16 ./Src/syscalls.o
 .text._lseek   0x0000000000000000       0x1a ./Src/syscalls.o
 .text._open    0x0000000000000000       0x1c ./Src/syscalls.o
 .text._wait    0x0000000000000000       0x1e ./Src/syscalls.o
 .text._unlink  0x0000000000000000       0x1e ./Src/syscalls.o
 .text._times   0x0000000000000000       0x18 ./Src/syscalls.o
 .text._stat    0x0000000000000000       0x20 ./Src/syscalls.o
 .text._link    0x0000000000000000       0x20 ./Src/syscalls.o
 .text._fork    0x0000000000000000       0x16 ./Src/syscalls.o
 .text._execve  0x0000000000000000       0x22 ./Src/syscalls.o
 .debug_info    0x0000000000000000      0x6e0 ./Src/syscalls.o
 .debug_abbrev  0x0000000000000000      0x1b3 ./Src/syscalls.o
 .debug_aranges
                0x0000000000000000       0xa8 ./Src/syscalls.o
 .debug_ranges  0x0000000000000000       0x98 ./Src/syscalls.o
 .debug_macro   0x0000000000000000      0x24c ./Src/syscalls.o
 .debug_macro   0x0000000000000000      0xa84 ./Src/syscalls.o
 .debug_macro   0x0000000000000000       0x22 ./Src/syscalls.o
 .debug_macro   0x0000000000000000       0x4c ./Src/syscalls.o
 .debug_macro   0x0000000000000000       0x1e ./Src/syscalls.o
 .debug_macro   0x0000000000000000       0x94 ./Src/syscalls.o
 .debug_macro   0x0000000000000000       0x3c ./Src/syscalls.o
 .debug_macro   0x0000000000000000       0x34 ./Src/syscalls.o
 .debug_macro   0x0000000000000000       0x57 ./Src/syscalls.o
 .debug_macro   0x0000000000000000      0x174 ./Src/syscalls.o
 .debug_macro   0x0000000000000000      0x341 ./Src/syscalls.o
 .debug_macro   0x0000000000000000       0x16 ./Src/syscalls.o
 .debug_macro   0x0000000000000000       0x43 ./Src/syscalls.o
 .debug_macro   0x0000000000000000       0x34 ./Src/syscalls.o
 .debug_macro   0x0000000000000000       0x10 ./Src/syscalls.o
 .debug_macro   0x0000000000000000       0x58 ./Src/syscalls.o
 .debug_macro   0x0000000000000000       0x71 ./Src/syscalls.o
 .debug_macro   0x0000000000000000       0x1c ./Src/syscalls.o
 .debug_macro   0x0000000000000000      0x12a ./Src/syscalls.o
 .debug_macro   0x0000000000000000       0x10 ./Src/syscalls.o
 .debug_macro   0x0000000000000000       0x35 ./Src/syscalls.o
 .debug_macro   0x0000000000000000       0x10 ./Src/syscalls.o
 .debug_macro   0x0000000000000000       0x10 ./Src/syscalls.o
 .debug_macro   0x0000000000000000       0x10 ./Src/syscalls.o
 .debug_macro   0x0000000000000000       0x6a ./Src/syscalls.o
 .debug_macro   0x0000000000000000       0x1c ./Src/syscalls.o
 .debug_macro   0x0000000000000000       0x52 ./Src/syscalls.o
 .debug_macro   0x0000000000000000       0x22 ./Src/syscalls.o
 .debug_macro   0x0000000000000000       0x10 ./Src/syscalls.o
 .debug_macro   0x0000000000000000       0x52 ./Src/syscalls.o
 .debug_macro   0x0000000000000000       0xd5 ./Src/syscalls.o
 .debug_macro   0x0000000000000000       0x1c ./Src/syscalls.o
 .debug_macro   0x0000000000000000       0x3d ./Src/syscalls.o
 .debug_macro   0x0000000000000000       0x35 ./Src/syscalls.o
 .debug_macro   0x0000000000000000      0x12c ./Src/syscalls.o
 .debug_macro   0x0000000000000000       0x16 ./Src/syscalls.o
 .debug_macro   0x0000000000000000       0x16 ./Src/syscalls.o
 .debug_macro   0x0000000000000000       0x29 ./Src/syscalls.o
 .debug_macro   0x0000000000000000       0x10 ./Src/syscalls.o
 .debug_macro   0x0000000000000000      0x241 ./Src/syscalls.o
 .debug_macro   0x0000000000000000       0x1c ./Src/syscalls.o
 .debug_macro   0x0000000000000000       0x10 ./Src/syscalls.o
 .debug_macro   0x0000000000000000       0x10 ./Src/syscalls.o
 .debug_macro   0x0000000000000000       0x16 ./Src/syscalls.o
 .debug_macro   0x0000000000000000      0x145 ./Src/syscalls.o
 .debug_macro   0x0000000000000000      0x189 ./Src/syscalls.o
 .debug_macro   0x0000000000000000       0x16 ./Src/syscalls.o
 .debug_macro   0x0000000000000000       0xce ./Src/syscalls.o
 .debug_line    0x0000000000000000      0x803 ./Src/syscalls.o
 .debug_str     0x0000000000000000     0x8a99 ./Src/syscalls.o
 .comment       0x0000000000000000       0x51 ./Src/syscalls.o
 .debug_frame   0x0000000000000000      0x2ac ./Src/syscalls.o
 .ARM.attributes
                0x0000000000000000       0x34 ./Src/syscalls.o
 .group         0x0000000000000000        0xc ./Src/sysmem.o
 .group         0x0000000000000000        0xc ./Src/sysmem.o
 .group         0x0000000000000000        0xc ./Src/sysmem.o
 .group         0x0000000000000000        0xc ./Src/sysmem.o
 .group         0x0000000000000000        0xc ./Src/sysmem.o
 .group         0x0000000000000000        0xc ./Src/sysmem.o
 .group         0x0000000000000000        0xc ./Src/sysmem.o
 .group         0x0000000000000000        0xc ./Src/sysmem.o
 .group         0x0000000000000000        0xc ./Src/sysmem.o
 .group         0x0000000000000000        0xc ./Src/sysmem.o
 .group         0x0000000000000000        0xc ./Src/sysmem.o
 .group         0x0000000000000000        0xc ./Src/sysmem.o
 .group         0x0000000000000000        0xc ./Src/sysmem.o
 .group         0x0000000000000000        0xc ./Src/sysmem.o
 .group         0x0000000000000000        0xc ./Src/sysmem.o
 .group         0x0000000000000000        0xc ./Src/sysmem.o
 .group         0x0000000000000000        0xc ./Src/sysmem.o
 .group         0x0000000000000000        0xc ./Src/sysmem.o
 .group         0x0000000000000000        0xc ./Src/sysmem.o
 .group         0x0000000000000000        0xc ./Src/sysmem.o
 .group         0x0000000000000000        0xc ./Src/sysmem.o
 .group         0x0000000000000000        0xc ./Src/sysmem.o
 .text          0x0000000000000000        0x0 ./Src/sysmem.o
 .data          0x0000000000000000        0x0 ./Src/sysmem.o
 .bss           0x0000000000000000        0x0 ./Src/sysmem.o
 .bss.__sbrk_heap_end
                0x0000000000000000        0x4 ./Src/sysmem.o
 .text._sbrk    0x0000000000000000       0x6c ./Src/sysmem.o
 .debug_info    0x0000000000000000      0x171 ./Src/sysmem.o
 .debug_abbrev  0x0000000000000000       0xbb ./Src/sysmem.o
 .debug_aranges
                0x0000000000000000       0x20 ./Src/sysmem.o
 .debug_ranges  0x0000000000000000       0x10 ./Src/sysmem.o
 .debug_macro   0x0000000000000000       0xff ./Src/sysmem.o
 .debug_macro   0x0000000000000000      0xa84 ./Src/sysmem.o
 .debug_macro   0x0000000000000000       0x10 ./Src/sysmem.o
 .debug_macro   0x0000000000000000       0x22 ./Src/sysmem.o
 .debug_macro   0x0000000000000000       0x4c ./Src/sysmem.o
 .debug_macro   0x0000000000000000       0x1e ./Src/sysmem.o
 .debug_macro   0x0000000000000000       0x94 ./Src/sysmem.o
 .debug_macro   0x0000000000000000       0x3c ./Src/sysmem.o
 .debug_macro   0x0000000000000000       0x34 ./Src/sysmem.o
 .debug_macro   0x0000000000000000      0x174 ./Src/sysmem.o
 .debug_macro   0x0000000000000000       0x16 ./Src/sysmem.o
 .debug_macro   0x0000000000000000       0x43 ./Src/sysmem.o
 .debug_macro   0x0000000000000000       0x57 ./Src/sysmem.o
 .debug_macro   0x0000000000000000       0x34 ./Src/sysmem.o
 .debug_macro   0x0000000000000000       0x10 ./Src/sysmem.o
 .debug_macro   0x0000000000000000       0x58 ./Src/sysmem.o
 .debug_macro   0x0000000000000000       0x71 ./Src/sysmem.o
 .debug_macro   0x0000000000000000       0x1c ./Src/sysmem.o
 .debug_macro   0x0000000000000000      0x12a ./Src/sysmem.o
 .debug_macro   0x0000000000000000      0x23b ./Src/sysmem.o
 .debug_macro   0x0000000000000000      0x103 ./Src/sysmem.o
 .debug_macro   0x0000000000000000       0x6a ./Src/sysmem.o
 .debug_macro   0x0000000000000000      0x1df ./Src/sysmem.o
 .debug_line    0x0000000000000000      0x4f9 ./Src/sysmem.o
 .debug_str     0x0000000000000000     0x5dd5 ./Src/sysmem.o
 .comment       0x0000000000000000       0x51 ./Src/sysmem.o
 .debug_frame   0x0000000000000000       0x34 ./Src/sysmem.o
 .ARM.attributes
                0x0000000000000000       0x34 ./Src/sysmem.o
 .text          0x0000000000000000       0x14 ./Startup/startup_stm32f303vctx.o
 .data          0x0000000000000000        0x0 ./Startup/startup_stm32f303vctx.o
 .bss           0x0000000000000000        0x0 ./Startup/startup_stm32f303vctx.o
 .group         0x0000000000000000        0xc ./drivers/Src/f303xx_spi_driver.o
 .group         0x0000000000000000        0xc ./drivers/Src/f303xx_spi_driver.o
 .group         0x0000000000000000        0xc ./drivers/Src/f303xx_spi_driver.o
 .group         0x0000000000000000        0xc ./drivers/Src/f303xx_spi_driver.o
 .group         0x0000000000000000        0xc ./drivers/Src/f303xx_spi_driver.o
 .group         0x0000000000000000        0xc ./drivers/Src/f303xx_spi_driver.o
 .group         0x0000000000000000        0xc ./drivers/Src/f303xx_spi_driver.o
 .group         0x0000000000000000        0xc ./drivers/Src/f303xx_spi_driver.o
 .group         0x0000000000000000        0xc ./drivers/Src/f303xx_spi_driver.o
 .group         0x0000000000000000        0xc ./drivers/Src/f303xx_spi_driver.o
 .group         0x0000000000000000        0xc ./drivers/Src/f303xx_spi_driver.o
 .group         0x0000000000000000        0xc ./drivers/Src/f303xx_spi_driver.o
 .text          0x0000000000000000        0x0 ./drivers/Src/f303xx_spi_driver.o
 .data          0x0000000000000000        0x0 ./drivers/Src/f303xx_spi_driver.o
 .bss           0x0000000000000000        0x0 ./drivers/Src/f303xx_spi_driver.o
 .text.SPI_PeriClockControl
                0x0000000000000000       0x80 ./drivers/Src/f303xx_spi_driver.o
 .text.SPI_SSIConfig
                0x0000000000000000       0x38 ./drivers/Src/f303xx_spi_driver.o
 .text.SPI_Init
                0x0000000000000000       0xb6 ./drivers/Src/f303xx_spi_driver.o
 .text.SPI_DeInit
                0x0000000000000000       0x14 ./drivers/Src/f303xx_spi_driver.o
 .text.SPI_GetFlagStatus
                0x0000000000000000       0x28 ./drivers/Src/f303xx_spi_driver.o
 .text.SPI_SSOEConfig
                0x0000000000000000       0x38 ./drivers/Src/f303xx_spi_driver.o
 .text.SPI_SendData
                0x0000000000000000       0x68 ./drivers/Src/f303xx_spi_driver.o
 .text.SPI_PeripheralControl
                0x0000000000000000       0x38 ./drivers/Src/f303xx_spi_driver.o
 .text.SPI_ReceiveData
                0x0000000000000000       0x68 ./drivers/Src/f303xx_spi_driver.o
 .text.SPI_IRQInterruptConfig
                0x0000000000000000      0x10c ./drivers/Src/f303xx_spi_driver.o
 .text.SPI_IRQPriorityConfig
                0x0000000000000000       0x54 ./drivers/Src/f303xx_spi_driver.o
 .text.SPI_IRQHandling
                0x0000000000000000       0x9c ./drivers/Src/f303xx_spi_driver.o
 .text.SPI_SendDataIT
                0x0000000000000000       0x4e ./drivers/Src/f303xx_spi_driver.o
 .text.SPI_ReceiveDataIT
                0x0000000000000000       0x4e ./drivers/Src/f303xx_spi_driver.o
 .text.spiTxeInterruptHandle
                0x0000000000000000       0x7a ./drivers/Src/f303xx_spi_driver.o
 .text.spiRxneInterruptHandle
                0x0000000000000000       0x88 ./drivers/Src/f303xx_spi_driver.o
 .text.spiOvrErrInterruptHandle
                0x0000000000000000       0x30 ./drivers/Src/f303xx_spi_driver.o
 .text.SPI_ClearOVRFlag
                0x0000000000000000       0x20 ./drivers/Src/f303xx_spi_driver.o
 .text.SPI_CloseTransmission
                0x0000000000000000       0x36 ./drivers/Src/f303xx_spi_driver.o
 .text.SPI_CloseReception
                0x0000000000000000       0x36 ./drivers/Src/f303xx_spi_driver.o
 .text.SPI_ApplicationEventCallback
                0x0000000000000000       0x18 ./drivers/Src/f303xx_spi_driver.o
 .debug_info    0x0000000000000000      0x7c9 ./drivers/Src/f303xx_spi_driver.o
 .debug_abbrev  0x0000000000000000      0x167 ./drivers/Src/f303xx_spi_driver.o
 .debug_aranges
                0x0000000000000000       0xc0 ./drivers/Src/f303xx_spi_driver.o
 .debug_ranges  0x0000000000000000       0xb0 ./drivers/Src/f303xx_spi_driver.o
 .debug_macro   0x0000000000000000       0xbe ./drivers/Src/f303xx_spi_driver.o
 .debug_macro   0x0000000000000000      0xa84 ./drivers/Src/f303xx_spi_driver.o
 .debug_macro   0x0000000000000000       0x22 ./drivers/Src/f303xx_spi_driver.o
 .debug_macro   0x0000000000000000       0x8e ./drivers/Src/f303xx_spi_driver.o
 .debug_macro   0x0000000000000000       0x51 ./drivers/Src/f303xx_spi_driver.o
 .debug_macro   0x0000000000000000      0x103 ./drivers/Src/f303xx_spi_driver.o
 .debug_macro   0x0000000000000000       0x6a ./drivers/Src/f303xx_spi_driver.o
 .debug_macro   0x0000000000000000      0x1df ./drivers/Src/f303xx_spi_driver.o
 .debug_macro   0x0000000000000000      0x174 ./drivers/Src/f303xx_spi_driver.o
 .debug_macro   0x0000000000000000      0x403 ./drivers/Src/f303xx_spi_driver.o
 .debug_macro   0x0000000000000000       0x70 ./drivers/Src/f303xx_spi_driver.o
 .debug_macro   0x0000000000000000       0xc4 ./drivers/Src/f303xx_spi_driver.o
 .debug_macro   0x0000000000000000       0x9a ./drivers/Src/f303xx_spi_driver.o
 .debug_line    0x0000000000000000      0x94e ./drivers/Src/f303xx_spi_driver.o
 .debug_str     0x0000000000000000     0x5d24 ./drivers/Src/f303xx_spi_driver.o
 .comment       0x0000000000000000       0x51 ./drivers/Src/f303xx_spi_driver.o
 .debug_frame   0x0000000000000000      0x33c ./drivers/Src/f303xx_spi_driver.o
 .ARM.attributes
                0x0000000000000000       0x34 ./drivers/Src/f303xx_spi_driver.o
 .group         0x0000000000000000        0xc ./drivers/Src/stm32f303xx_gpio_driver.o
 .group         0x0000000000000000        0xc ./drivers/Src/stm32f303xx_gpio_driver.o
 .group         0x0000000000000000        0xc ./drivers/Src/stm32f303xx_gpio_driver.o
 .group         0x0000000000000000        0xc ./drivers/Src/stm32f303xx_gpio_driver.o
 .group         0x0000000000000000        0xc ./drivers/Src/stm32f303xx_gpio_driver.o
 .group         0x0000000000000000        0xc ./drivers/Src/stm32f303xx_gpio_driver.o
 .group         0x0000000000000000        0xc ./drivers/Src/stm32f303xx_gpio_driver.o
 .group         0x0000000000000000        0xc ./drivers/Src/stm32f303xx_gpio_driver.o
 .group         0x0000000000000000        0xc ./drivers/Src/stm32f303xx_gpio_driver.o
 .group         0x0000000000000000        0xc ./drivers/Src/stm32f303xx_gpio_driver.o
 .group         0x0000000000000000        0xc ./drivers/Src/stm32f303xx_gpio_driver.o
 .group         0x0000000000000000        0xc ./drivers/Src/stm32f303xx_gpio_driver.o
 .text          0x0000000000000000        0x0 ./drivers/Src/stm32f303xx_gpio_driver.o
 .data          0x0000000000000000        0x0 ./drivers/Src/stm32f303xx_gpio_driver.o
 .bss           0x0000000000000000        0x0 ./drivers/Src/stm32f303xx_gpio_driver.o
 .text.GPIO_DeInit
                0x0000000000000000       0xf8 ./drivers/Src/stm32f303xx_gpio_driver.o
 .text.GPIO_ReadFromInputPin
                0x0000000000000000       0x2c ./drivers/Src/stm32f303xx_gpio_driver.o
 .text.GPIO_ReadFromInputPort
                0x0000000000000000       0x1c ./drivers/Src/stm32f303xx_gpio_driver.o
 .text.GPIO_WriteToOutputPin
                0x0000000000000000       0x4a ./drivers/Src/stm32f303xx_gpio_driver.o
 .text.GPIO_WriteToOutputPort
                0x0000000000000000       0x1e ./drivers/Src/stm32f303xx_gpio_driver.o
 .debug_macro   0x0000000000000000      0xa84 ./drivers/Src/stm32f303xx_gpio_driver.o
 .debug_macro   0x0000000000000000       0x22 ./drivers/Src/stm32f303xx_gpio_driver.o
 .debug_macro   0x0000000000000000       0x8e ./drivers/Src/stm32f303xx_gpio_driver.o
 .debug_macro   0x0000000000000000       0x51 ./drivers/Src/stm32f303xx_gpio_driver.o
 .debug_macro   0x0000000000000000      0x103 ./drivers/Src/stm32f303xx_gpio_driver.o
 .debug_macro   0x0000000000000000       0x6a ./drivers/Src/stm32f303xx_gpio_driver.o
 .debug_macro   0x0000000000000000      0x1df ./drivers/Src/stm32f303xx_gpio_driver.o
 .debug_macro   0x0000000000000000      0x174 ./drivers/Src/stm32f303xx_gpio_driver.o
 .debug_macro   0x0000000000000000      0x403 ./drivers/Src/stm32f303xx_gpio_driver.o
 .debug_macro   0x0000000000000000       0x70 ./drivers/Src/stm32f303xx_gpio_driver.o
 .debug_macro   0x0000000000000000       0x9a ./drivers/Src/stm32f303xx_gpio_driver.o
 .debug_macro   0x0000000000000000       0xc4 ./drivers/Src/stm32f303xx_gpio_driver.o
 .group         0x0000000000000000        0xc ./drivers/Src/stm32f303xx_i2c_driver.o
 .group         0x0000000000000000        0xc ./drivers/Src/stm32f303xx_i2c_driver.o
 .group         0x0000000000000000        0xc ./drivers/Src/stm32f303xx_i2c_driver.o
 .group         0x0000000000000000        0xc ./drivers/Src/stm32f303xx_i2c_driver.o
 .group         0x0000000000000000        0xc ./drivers/Src/stm32f303xx_i2c_driver.o
 .group         0x0000000000000000        0xc ./drivers/Src/stm32f303xx_i2c_driver.o
 .group         0x0000000000000000        0xc ./drivers/Src/stm32f303xx_i2c_driver.o
 .group         0x0000000000000000        0xc ./drivers/Src/stm32f303xx_i2c_driver.o
 .group         0x0000000000000000        0xc ./drivers/Src/stm32f303xx_i2c_driver.o
 .group         0x0000000000000000        0xc ./drivers/Src/stm32f303xx_i2c_driver.o
 .group         0x0000000000000000        0xc ./drivers/Src/stm32f303xx_i2c_driver.o
 .group         0x0000000000000000        0xc ./drivers/Src/stm32f303xx_i2c_driver.o
 .text          0x0000000000000000        0x0 ./drivers/Src/stm32f303xx_i2c_driver.o
 .data          0x0000000000000000        0x0 ./drivers/Src/stm32f303xx_i2c_driver.o
 .bss           0x0000000000000000        0x0 ./drivers/Src/stm32f303xx_i2c_driver.o
 .text.I2C_MasterAddressPhaseInit
                0x0000000000000000       0x54 ./drivers/Src/stm32f303xx_i2c_driver.o
 .text.I2C_GenerateStart
                0x0000000000000000       0x20 ./drivers/Src/stm32f303xx_i2c_driver.o
 .text.I2C_GenerateStop
                0x0000000000000000       0x20 ./drivers/Src/stm32f303xx_i2c_driver.o
 .data.AHB_PreScaler
                0x0000000000000000       0x10 ./drivers/Src/stm32f303xx_i2c_driver.o
 .data.APB1_PreScaler
                0x0000000000000000       0x10 ./drivers/Src/stm32f303xx_i2c_driver.o
 .text.RCC_GetPLLOutputClock
                0x0000000000000000       0x14 ./drivers/Src/stm32f303xx_i2c_driver.o
 .text.I2C_CLK  0x0000000000000000       0xb4 ./drivers/Src/stm32f303xx_i2c_driver.o
 .text.I2C_PeriClockControl
                0x0000000000000000       0x80 ./drivers/Src/stm32f303xx_i2c_driver.o
 .text.I2C_Init
                0x0000000000000000       0x9e ./drivers/Src/stm32f303xx_i2c_driver.o
 .text.I2C_DeInit
                0x0000000000000000       0x40 ./drivers/Src/stm32f303xx_i2c_driver.o
 .text.I2C_PeripheralControl
                0x0000000000000000       0x38 ./drivers/Src/stm32f303xx_i2c_driver.o
 .text.I2C_MasterSendData
                0x0000000000000000       0x94 ./drivers/Src/stm32f303xx_i2c_driver.o
 .text.I2C_GetFlagStatus
                0x0000000000000000       0x28 ./drivers/Src/stm32f303xx_i2c_driver.o
 .text.I2C_IRQInterruptConfig
                0x0000000000000000      0x10c ./drivers/Src/stm32f303xx_i2c_driver.o
 .text.I2C_IRQPriorityConfig
                0x0000000000000000       0x54 ./drivers/Src/stm32f303xx_i2c_driver.o
 .debug_info    0x0000000000000000      0x604 ./drivers/Src/stm32f303xx_i2c_driver.o
 .debug_abbrev  0x0000000000000000      0x186 ./drivers/Src/stm32f303xx_i2c_driver.o
 .debug_aranges
                0x0000000000000000       0x80 ./drivers/Src/stm32f303xx_i2c_driver.o
 .debug_ranges  0x0000000000000000       0x70 ./drivers/Src/stm32f303xx_i2c_driver.o
 .debug_macro   0x0000000000000000       0xc6 ./drivers/Src/stm32f303xx_i2c_driver.o
 .debug_macro   0x0000000000000000      0xa84 ./drivers/Src/stm32f303xx_i2c_driver.o
 .debug_macro   0x0000000000000000       0x22 ./drivers/Src/stm32f303xx_i2c_driver.o
 .debug_macro   0x0000000000000000       0x8e ./drivers/Src/stm32f303xx_i2c_driver.o
 .debug_macro   0x0000000000000000       0x51 ./drivers/Src/stm32f303xx_i2c_driver.o
 .debug_macro   0x0000000000000000      0x103 ./drivers/Src/stm32f303xx_i2c_driver.o
 .debug_macro   0x0000000000000000       0x6a ./drivers/Src/stm32f303xx_i2c_driver.o
 .debug_macro   0x0000000000000000      0x1df ./drivers/Src/stm32f303xx_i2c_driver.o
 .debug_macro   0x0000000000000000      0x174 ./drivers/Src/stm32f303xx_i2c_driver.o
 .debug_macro   0x0000000000000000      0x403 ./drivers/Src/stm32f303xx_i2c_driver.o
 .debug_macro   0x0000000000000000       0x70 ./drivers/Src/stm32f303xx_i2c_driver.o
 .debug_macro   0x0000000000000000       0x9a ./drivers/Src/stm32f303xx_i2c_driver.o
 .debug_macro   0x0000000000000000       0xc4 ./drivers/Src/stm32f303xx_i2c_driver.o
 .debug_line    0x0000000000000000      0x74e ./drivers/Src/stm32f303xx_i2c_driver.o
 .debug_str     0x0000000000000000     0x5c87 ./drivers/Src/stm32f303xx_i2c_driver.o
 .comment       0x0000000000000000       0x51 ./drivers/Src/stm32f303xx_i2c_driver.o
 .debug_frame   0x0000000000000000      0x208 ./drivers/Src/stm32f303xx_i2c_driver.o
 .ARM.attributes
                0x0000000000000000       0x34 ./drivers/Src/stm32f303xx_i2c_driver.o
 .text          0x0000000000000000        0x0 c:/apps/stm32cubeide_1.12.1/stm32cubeide/plugins/com.st.stm32cube.ide.mcu.externaltools.gnu-tools-for-stm32.10.3-2021.10.win32_1.0.200.202301161003/tools/bin/../lib/gcc/arm-none-eabi/10.3.1/../../../../arm-none-eabi/lib/thumb/v7e-m+fp/hard\libc_nano.a(lib_a-errno.o)
 .data          0x0000000000000000        0x0 c:/apps/stm32cubeide_1.12.1/stm32cubeide/plugins/com.st.stm32cube.ide.mcu.externaltools.gnu-tools-for-stm32.10.3-2021.10.win32_1.0.200.202301161003/tools/bin/../lib/gcc/arm-none-eabi/10.3.1/../../../../arm-none-eabi/lib/thumb/v7e-m+fp/hard\libc_nano.a(lib_a-errno.o)
 .bss           0x0000000000000000        0x0 c:/apps/stm32cubeide_1.12.1/stm32cubeide/plugins/com.st.stm32cube.ide.mcu.externaltools.gnu-tools-for-stm32.10.3-2021.10.win32_1.0.200.202301161003/tools/bin/../lib/gcc/arm-none-eabi/10.3.1/../../../../arm-none-eabi/lib/thumb/v7e-m+fp/hard\libc_nano.a(lib_a-errno.o)
 .text.__errno  0x0000000000000000        0xc c:/apps/stm32cubeide_1.12.1/stm32cubeide/plugins/com.st.stm32cube.ide.mcu.externaltools.gnu-tools-for-stm32.10.3-2021.10.win32_1.0.200.202301161003/tools/bin/../lib/gcc/arm-none-eabi/10.3.1/../../../../arm-none-eabi/lib/thumb/v7e-m+fp/hard\libc_nano.a(lib_a-errno.o)
 .debug_frame   0x0000000000000000       0x20 c:/apps/stm32cubeide_1.12.1/stm32cubeide/plugins/com.st.stm32cube.ide.mcu.externaltools.gnu-tools-for-stm32.10.3-2021.10.win32_1.0.200.202301161003/tools/bin/../lib/gcc/arm-none-eabi/10.3.1/../../../../arm-none-eabi/lib/thumb/v7e-m+fp/hard\libc_nano.a(lib_a-errno.o)
 .ARM.attributes
                0x0000000000000000       0x34 c:/apps/stm32cubeide_1.12.1/stm32cubeide/plugins/com.st.stm32cube.ide.mcu.externaltools.gnu-tools-for-stm32.10.3-2021.10.win32_1.0.200.202301161003/tools/bin/../lib/gcc/arm-none-eabi/10.3.1/../../../../arm-none-eabi/lib/thumb/v7e-m+fp/hard\libc_nano.a(lib_a-errno.o)
 .text          0x0000000000000000        0x0 c:/apps/stm32cubeide_1.12.1/stm32cubeide/plugins/com.st.stm32cube.ide.mcu.externaltools.gnu-tools-for-stm32.10.3-2021.10.win32_1.0.200.202301161003/tools/bin/../lib/gcc/arm-none-eabi/10.3.1/../../../../arm-none-eabi/lib/thumb/v7e-m+fp/hard\libc_nano.a(lib_a-exit.o)
 .data          0x0000000000000000        0x0 c:/apps/stm32cubeide_1.12.1/stm32cubeide/plugins/com.st.stm32cube.ide.mcu.externaltools.gnu-tools-for-stm32.10.3-2021.10.win32_1.0.200.202301161003/tools/bin/../lib/gcc/arm-none-eabi/10.3.1/../../../../arm-none-eabi/lib/thumb/v7e-m+fp/hard\libc_nano.a(lib_a-exit.o)
 .bss           0x0000000000000000        0x0 c:/apps/stm32cubeide_1.12.1/stm32cubeide/plugins/com.st.stm32cube.ide.mcu.externaltools.gnu-tools-for-stm32.10.3-2021.10.win32_1.0.200.202301161003/tools/bin/../lib/gcc/arm-none-eabi/10.3.1/../../../../arm-none-eabi/lib/thumb/v7e-m+fp/hard\libc_nano.a(lib_a-exit.o)
 .text.exit     0x0000000000000000       0x28 c:/apps/stm32cubeide_1.12.1/stm32cubeide/plugins/com.st.stm32cube.ide.mcu.externaltools.gnu-tools-for-stm32.10.3-2021.10.win32_1.0.200.202301161003/tools/bin/../lib/gcc/arm-none-eabi/10.3.1/../../../../arm-none-eabi/lib/thumb/v7e-m+fp/hard\libc_nano.a(lib_a-exit.o)
 .debug_frame   0x0000000000000000       0x28 c:/apps/stm32cubeide_1.12.1/stm32cubeide/plugins/com.st.stm32cube.ide.mcu.externaltools.gnu-tools-for-stm32.10.3-2021.10.win32_1.0.200.202301161003/tools/bin/../lib/gcc/arm-none-eabi/10.3.1/../../../../arm-none-eabi/lib/thumb/v7e-m+fp/hard\libc_nano.a(lib_a-exit.o)
 .ARM.attributes
                0x0000000000000000       0x34 c:/apps/stm32cubeide_1.12.1/stm32cubeide/plugins/com.st.stm32cube.ide.mcu.externaltools.gnu-tools-for-stm32.10.3-2021.10.win32_1.0.200.202301161003/tools/bin/../lib/gcc/arm-none-eabi/10.3.1/../../../../arm-none-eabi/lib/thumb/v7e-m+fp/hard\libc_nano.a(lib_a-exit.o)
 .text          0x0000000000000000        0x0 c:/apps/stm32cubeide_1.12.1/stm32cubeide/plugins/com.st.stm32cube.ide.mcu.externaltools.gnu-tools-for-stm32.10.3-2021.10.win32_1.0.200.202301161003/tools/bin/../lib/gcc/arm-none-eabi/10.3.1/../../../../arm-none-eabi/lib/thumb/v7e-m+fp/hard\libc_nano.a(lib_a-impure.o)
 .data          0x0000000000000000        0x0 c:/apps/stm32cubeide_1.12.1/stm32cubeide/plugins/com.st.stm32cube.ide.mcu.externaltools.gnu-tools-for-stm32.10.3-2021.10.win32_1.0.200.202301161003/tools/bin/../lib/gcc/arm-none-eabi/10.3.1/../../../../arm-none-eabi/lib/thumb/v7e-m+fp/hard\libc_nano.a(lib_a-impure.o)
 .bss           0x0000000000000000        0x0 c:/apps/stm32cubeide_1.12.1/stm32cubeide/plugins/com.st.stm32cube.ide.mcu.externaltools.gnu-tools-for-stm32.10.3-2021.10.win32_1.0.200.202301161003/tools/bin/../lib/gcc/arm-none-eabi/10.3.1/../../../../arm-none-eabi/lib/thumb/v7e-m+fp/hard\libc_nano.a(lib_a-impure.o)
 .data._impure_ptr
                0x0000000000000000        0x4 c:/apps/stm32cubeide_1.12.1/stm32cubeide/plugins/com.st.stm32cube.ide.mcu.externaltools.gnu-tools-for-stm32.10.3-2021.10.win32_1.0.200.202301161003/tools/bin/../lib/gcc/arm-none-eabi/10.3.1/../../../../arm-none-eabi/lib/thumb/v7e-m+fp/hard\libc_nano.a(lib_a-impure.o)
 .data.impure_data
                0x0000000000000000       0x60 c:/apps/stm32cubeide_1.12.1/stm32cubeide/plugins/com.st.stm32cube.ide.mcu.externaltools.gnu-tools-for-stm32.10.3-2021.10.win32_1.0.200.202301161003/tools/bin/../lib/gcc/arm-none-eabi/10.3.1/../../../../arm-none-eabi/lib/thumb/v7e-m+fp/hard\libc_nano.a(lib_a-impure.o)
 .rodata._global_impure_ptr
                0x0000000000000000        0x4 c:/apps/stm32cubeide_1.12.1/stm32cubeide/plugins/com.st.stm32cube.ide.mcu.externaltools.gnu-tools-for-stm32.10.3-2021.10.win32_1.0.200.202301161003/tools/bin/../lib/gcc/arm-none-eabi/10.3.1/../../../../arm-none-eabi/lib/thumb/v7e-m+fp/hard\libc_nano.a(lib_a-impure.o)
 .ARM.attributes
                0x0000000000000000       0x34 c:/apps/stm32cubeide_1.12.1/stm32cubeide/plugins/com.st.stm32cube.ide.mcu.externaltools.gnu-tools-for-stm32.10.3-2021.10.win32_1.0.200.202301161003/tools/bin/../lib/gcc/arm-none-eabi/10.3.1/../../../../arm-none-eabi/lib/thumb/v7e-m+fp/hard\libc_nano.a(lib_a-impure.o)
 .text          0x0000000000000000        0x0 c:/apps/stm32cubeide_1.12.1/stm32cubeide/plugins/com.st.stm32cube.ide.mcu.externaltools.gnu-tools-for-stm32.10.3-2021.10.win32_1.0.200.202301161003/tools/bin/../lib/gcc/arm-none-eabi/10.3.1/../../../../arm-none-eabi/lib/thumb/v7e-m+fp/hard\libc_nano.a(lib_a-init.o)
 .data          0x0000000000000000        0x0 c:/apps/stm32cubeide_1.12.1/stm32cubeide/plugins/com.st.stm32cube.ide.mcu.externaltools.gnu-tools-for-stm32.10.3-2021.10.win32_1.0.200.202301161003/tools/bin/../lib/gcc/arm-none-eabi/10.3.1/../../../../arm-none-eabi/lib/thumb/v7e-m+fp/hard\libc_nano.a(lib_a-init.o)
 .bss           0x0000000000000000        0x0 c:/apps/stm32cubeide_1.12.1/stm32cubeide/plugins/com.st.stm32cube.ide.mcu.externaltools.gnu-tools-for-stm32.10.3-2021.10.win32_1.0.200.202301161003/tools/bin/../lib/gcc/arm-none-eabi/10.3.1/../../../../arm-none-eabi/lib/thumb/v7e-m+fp/hard\libc_nano.a(lib_a-init.o)
 .text          0x0000000000000000        0x0 c:/apps/stm32cubeide_1.12.1/stm32cubeide/plugins/com.st.stm32cube.ide.mcu.externaltools.gnu-tools-for-stm32.10.3-2021.10.win32_1.0.200.202301161003/tools/bin/../lib/gcc/arm-none-eabi/10.3.1/../../../../arm-none-eabi/lib/thumb/v7e-m+fp/hard\libc_nano.a(lib_a-memset.o)
 .data          0x0000000000000000        0x0 c:/apps/stm32cubeide_1.12.1/stm32cubeide/plugins/com.st.stm32cube.ide.mcu.externaltools.gnu-tools-for-stm32.10.3-2021.10.win32_1.0.200.202301161003/tools/bin/../lib/gcc/arm-none-eabi/10.3.1/../../../../arm-none-eabi/lib/thumb/v7e-m+fp/hard\libc_nano.a(lib_a-memset.o)
 .bss           0x0000000000000000        0x0 c:/apps/stm32cubeide_1.12.1/stm32cubeide/plugins/com.st.stm32cube.ide.mcu.externaltools.gnu-tools-for-stm32.10.3-2021.10.win32_1.0.200.202301161003/tools/bin/../lib/gcc/arm-none-eabi/10.3.1/../../../../arm-none-eabi/lib/thumb/v7e-m+fp/hard\libc_nano.a(lib_a-memset.o)
 .text          0x0000000000000000        0x0 c:/apps/stm32cubeide_1.12.1/stm32cubeide/plugins/com.st.stm32cube.ide.mcu.externaltools.gnu-tools-for-stm32.10.3-2021.10.win32_1.0.200.202301161003/tools/bin/../lib/gcc/arm-none-eabi/10.3.1/thumb/v7e-m+fp/hard/crtend.o
 .data          0x0000000000000000        0x0 c:/apps/stm32cubeide_1.12.1/stm32cubeide/plugins/com.st.stm32cube.ide.mcu.externaltools.gnu-tools-for-stm32.10.3-2021.10.win32_1.0.200.202301161003/tools/bin/../lib/gcc/arm-none-eabi/10.3.1/thumb/v7e-m+fp/hard/crtend.o
 .bss           0x0000000000000000        0x0 c:/apps/stm32cubeide_1.12.1/stm32cubeide/plugins/com.st.stm32cube.ide.mcu.externaltools.gnu-tools-for-stm32.10.3-2021.10.win32_1.0.200.202301161003/tools/bin/../lib/gcc/arm-none-eabi/10.3.1/thumb/v7e-m+fp/hard/crtend.o
 .rodata        0x0000000000000000       0x24 c:/apps/stm32cubeide_1.12.1/stm32cubeide/plugins/com.st.stm32cube.ide.mcu.externaltools.gnu-tools-for-stm32.10.3-2021.10.win32_1.0.200.202301161003/tools/bin/../lib/gcc/arm-none-eabi/10.3.1/thumb/v7e-m+fp/hard/crtend.o
 .eh_frame      0x0000000000000000        0x4 c:/apps/stm32cubeide_1.12.1/stm32cubeide/plugins/com.st.stm32cube.ide.mcu.externaltools.gnu-tools-for-stm32.10.3-2021.10.win32_1.0.200.202301161003/tools/bin/../lib/gcc/arm-none-eabi/10.3.1/thumb/v7e-m+fp/hard/crtend.o
 .ARM.attributes
                0x0000000000000000       0x34 c:/apps/stm32cubeide_1.12.1/stm32cubeide/plugins/com.st.stm32cube.ide.mcu.externaltools.gnu-tools-for-stm32.10.3-2021.10.win32_1.0.200.202301161003/tools/bin/../lib/gcc/arm-none-eabi/10.3.1/thumb/v7e-m+fp/hard/crtend.o
 .text          0x0000000000000000        0x0 c:/apps/stm32cubeide_1.12.1/stm32cubeide/plugins/com.st.stm32cube.ide.mcu.externaltools.gnu-tools-for-stm32.10.3-2021.10.win32_1.0.200.202301161003/tools/bin/../lib/gcc/arm-none-eabi/10.3.1/thumb/v7e-m+fp/hard/crtn.o
 .data          0x0000000000000000        0x0 c:/apps/stm32cubeide_1.12.1/stm32cubeide/plugins/com.st.stm32cube.ide.mcu.externaltools.gnu-tools-for-stm32.10.3-2021.10.win32_1.0.200.202301161003/tools/bin/../lib/gcc/arm-none-eabi/10.3.1/thumb/v7e-m+fp/hard/crtn.o
 .bss           0x0000000000000000        0x0 c:/apps/stm32cubeide_1.12.1/stm32cubeide/plugins/com.st.stm32cube.ide.mcu.externaltools.gnu-tools-for-stm32.10.3-2021.10.win32_1.0.200.202301161003/tools/bin/../lib/gcc/arm-none-eabi/10.3.1/thumb/v7e-m+fp/hard/crtn.o

Memory Configuration

Name             Origin             Length             Attributes
CCMRAM           0x0000000010000000 0x0000000000002000 xrw
RAM              0x0000000020000000 0x000000000000a000 xrw
FLASH            0x0000000008000000 0x0000000000040000 xr
*default*        0x0000000000000000 0xffffffffffffffff

Linker script and memory map

LOAD c:/apps/stm32cubeide_1.12.1/stm32cubeide/plugins/com.st.stm32cube.ide.mcu.externaltools.gnu-tools-for-stm32.10.3-2021.10.win32_1.0.200.202301161003/tools/bin/../lib/gcc/arm-none-eabi/10.3.1/thumb/v7e-m+fp/hard/crti.o
LOAD c:/apps/stm32cubeide_1.12.1/stm32cubeide/plugins/com.st.stm32cube.ide.mcu.externaltools.gnu-tools-for-stm32.10.3-2021.10.win32_1.0.200.202301161003/tools/bin/../lib/gcc/arm-none-eabi/10.3.1/thumb/v7e-m+fp/hard/crtbegin.o
LOAD c:/apps/stm32cubeide_1.12.1/stm32cubeide/plugins/com.st.stm32cube.ide.mcu.externaltools.gnu-tools-for-stm32.10.3-2021.10.win32_1.0.200.202301161003/tools/bin/../lib/gcc/arm-none-eabi/10.3.1/../../../../arm-none-eabi/lib/thumb/v7e-m+fp/hard/crt0.o
LOAD ./Src/005_button_interrupt.o
LOAD ./Src/syscalls.o
LOAD ./Src/sysmem.o
LOAD ./Startup/startup_stm32f303vctx.o
LOAD ./drivers/Src/f303xx_spi_driver.o
LOAD ./drivers/Src/stm32f303xx_gpio_driver.o
LOAD ./drivers/Src/stm32f303xx_i2c_driver.o
START GROUP
LOAD c:/apps/stm32cubeide_1.12.1/stm32cubeide/plugins/com.st.stm32cube.ide.mcu.externaltools.gnu-tools-for-stm32.10.3-2021.10.win32_1.0.200.202301161003/tools/bin/../lib/gcc/arm-none-eabi/10.3.1/../../../../arm-none-eabi/lib/thumb/v7e-m+fp/hard\libc_nano.a
LOAD c:/apps/stm32cubeide_1.12.1/stm32cubeide/plugins/com.st.stm32cube.ide.mcu.externaltools.gnu-tools-for-stm32.10.3-2021.10.win32_1.0.200.202301161003/tools/bin/../lib/gcc/arm-none-eabi/10.3.1/../../../../arm-none-eabi/lib/thumb/v7e-m+fp/hard\libm.a
END GROUP
START GROUP
LOAD c:/apps/stm32cubeide_1.12.1/stm32cubeide/plugins/com.st.stm32cube.ide.mcu.externaltools.gnu-tools-for-stm32.10.3-2021.10.win32_1.0.200.202301161003/tools/bin/../lib/gcc/arm-none-eabi/10.3.1/thumb/v7e-m+fp/hard\libgcc.a
LOAD c:/apps/stm32cubeide_1.12.1/stm32cubeide/plugins/com.st.stm32cube.ide.mcu.externaltools.gnu-tools-for-stm32.10.3-2021.10.win32_1.0.200.202301161003/tools/bin/../lib/gcc/arm-none-eabi/10.3.1/../../../../arm-none-eabi/lib/thumb/v7e-m+fp/hard\libc_nano.a
END GROUP
START GROUP
LOAD c:/apps/stm32cubeide_1.12.1/stm32cubeide/plugins/com.st.stm32cube.ide.mcu.externaltools.gnu-tools-for-stm32.10.3-2021.10.win32_1.0.200.202301161003/tools/bin/../lib/gcc/arm-none-eabi/10.3.1/thumb/v7e-m+fp/hard\libgcc.a
LOAD c:/apps/stm32cubeide_1.12.1/stm32cubeide/plugins/com.st.stm32cube.ide.mcu.externaltools.gnu-tools-for-stm32.10.3-2021.10.win32_1.0.200.202301161003/tools/bin/../lib/gcc/arm-none-eabi/10.3.1/../../../../arm-none-eabi/lib/thumb/v7e-m+fp/hard\libc_nano.a
LOAD c:/apps/stm32cubeide_1.12.1/stm32cubeide/plugins/com.st.stm32cube.ide.mcu.externaltools.gnu-tools-for-stm32.10.3-2021.10.win32_1.0.200.202301161003/tools/bin/../lib/gcc/arm-none-eabi/10.3.1/../../../../arm-none-eabi/lib/thumb/v7e-m+fp/hard\libnosys.a
END GROUP
START GROUP
LOAD c:/apps/stm32cubeide_1.12.1/stm32cubeide/plugins/com.st.stm32cube.ide.mcu.externaltools.gnu-tools-for-stm32.10.3-2021.10.win32_1.0.200.202301161003/tools/bin/../lib/gcc/arm-none-eabi/10.3.1/thumb/v7e-m+fp/hard\libgcc.a
LOAD c:/apps/stm32cubeide_1.12.1/stm32cubeide/plugins/com.st.stm32cube.ide.mcu.externaltools.gnu-tools-for-stm32.10.3-2021.10.win32_1.0.200.202301161003/tools/bin/../lib/gcc/arm-none-eabi/10.3.1/../../../../arm-none-eabi/lib/thumb/v7e-m+fp/hard\libc_nano.a
LOAD c:/apps/stm32cubeide_1.12.1/stm32cubeide/plugins/com.st.stm32cube.ide.mcu.externaltools.gnu-tools-for-stm32.10.3-2021.10.win32_1.0.200.202301161003/tools/bin/../lib/gcc/arm-none-eabi/10.3.1/../../../../arm-none-eabi/lib/thumb/v7e-m+fp/hard\libnosys.a
END GROUP
LOAD c:/apps/stm32cubeide_1.12.1/stm32cubeide/plugins/com.st.stm32cube.ide.mcu.externaltools.gnu-tools-for-stm32.10.3-2021.10.win32_1.0.200.202301161003/tools/bin/../lib/gcc/arm-none-eabi/10.3.1/thumb/v7e-m+fp/hard/crtend.o
LOAD c:/apps/stm32cubeide_1.12.1/stm32cubeide/plugins/com.st.stm32cube.ide.mcu.externaltools.gnu-tools-for-stm32.10.3-2021.10.win32_1.0.200.202301161003/tools/bin/../lib/gcc/arm-none-eabi/10.3.1/thumb/v7e-m+fp/hard/crtn.o
                0x000000002000a000                _estack = (ORIGIN (RAM) + LENGTH (RAM))
                0x0000000000000200                _Min_Heap_Size = 0x200
                0x0000000000000400                _Min_Stack_Size = 0x400

.isr_vector     0x0000000008000000      0x194
                0x0000000008000000                . = ALIGN (0x4)
 *(.isr_vector)
 .isr_vector    0x0000000008000000      0x194 ./Startup/startup_stm32f303vctx.o
                0x0000000008000000                g_pfnVectors
                0x0000000008000194                . = ALIGN (0x4)

.text           0x0000000008000194      0x7d4
                0x0000000008000194                . = ALIGN (0x4)
 *(.text)
 .text          0x0000000008000194       0x40 c:/apps/stm32cubeide_1.12.1/stm32cubeide/plugins/com.st.stm32cube.ide.mcu.externaltools.gnu-tools-for-stm32.10.3-2021.10.win32_1.0.200.202301161003/tools/bin/../lib/gcc/arm-none-eabi/10.3.1/thumb/v7e-m+fp/hard/crtbegin.o
 *(.text*)
 .text.delay    0x00000000080001d4       0x2c ./Src/005_button_interrupt.o
                0x00000000080001d4                delay
 .text.main     0x0000000008000200       0x88 ./Src/005_button_interrupt.o
                0x0000000008000200                main
 .text.EXTI0_IRQHandler
                0x0000000008000288       0x20 ./Src/005_button_interrupt.o
                0x0000000008000288                EXTI0_IRQHandler
 .text.Reset_Handler
                0x00000000080002a8       0x50 ./Startup/startup_stm32f303vctx.o
                0x00000000080002a8                Reset_Handler
 .text.Default_Handler
                0x00000000080002f8        0x2 ./Startup/startup_stm32f303vctx.o
                0x00000000080002f8                TIM8_TRG_COM_IRQHandler
                0x00000000080002f8                TIM8_CC_IRQHandler
                0x00000000080002f8                DebugMon_Handler
                0x00000000080002f8                DMA1_CH4_IRQHandler
                0x00000000080002f8                SPI4_IRQHandler
                0x00000000080002f8                TIM1_CC_IRQHandler
                0x00000000080002f8                HardFault_Handler
                0x00000000080002f8                USB_HP_IRQHandler
                0x00000000080002f8                I2C2_EV_EXTI24_IRQHandler
                0x00000000080002f8                SysTick_Handler
                0x00000000080002f8                USB_WKUP_EXTI_IRQHandler
                0x00000000080002f8                PVD_IRQHandler
                0x00000000080002f8                UART4_EXTI34_IRQHandler
                0x00000000080002f8                TAMP_STAMP_IRQHandler
                0x00000000080002f8                PendSV_Handler
                0x00000000080002f8                NMI_Handler
                0x00000000080002f8                EXTI3_IRQHandler
                0x00000000080002f8                I2C3_ER_IRQHandler
                0x00000000080002f8                TIM6_DACUNDER_IRQHandler
                0x00000000080002f8                USB_HP_CAN_TX_IRQHandler
                0x00000000080002f8                DMA2_CH1_IRQHandler
                0x00000000080002f8                FPU_IRQHandler
                0x00000000080002f8                TIM1_UP_TIM16_IRQHandler
                0x00000000080002f8                UsageFault_Handler
                0x00000000080002f8                ADC1_2_IRQHandler
                0x00000000080002f8                SPI1_IRQHandler
                0x00000000080002f8                CAN_SCE_IRQHandler
                0x00000000080002f8                DMA1_CH7_IRQHandler
                0x00000000080002f8                TIM8_UP_IRQHandler
                0x00000000080002f8                COMP456_IRQHandler
                0x00000000080002f8                DMA1_CH6_IRQHandler
                0x00000000080002f8                TIM20_TRG_COM_IRQHandler
                0x00000000080002f8                ADC3_IRQHandler
                0x00000000080002f8                TIM4_IRQHandler
                0x00000000080002f8                CAN_RX1_IRQHandler
                0x00000000080002f8                USART1_EXTI25_IRQHandler
                0x00000000080002f8                DMA2_CH5_IRQHandler
                0x00000000080002f8                I2C1_EV_EXTI23_IRQHandler
                0x00000000080002f8                DMA1_CH3_IRQHandler
                0x00000000080002f8                TIM3_IRQHandler
                0x00000000080002f8                RCC_IRQHandler
                0x00000000080002f8                TIM20_UP_IRQHandler
                0x00000000080002f8                Default_Handler
                0x00000000080002f8                EXTI15_10_IRQHandler
                0x00000000080002f8                USART2_EXTI26_IRQHandler
                0x00000000080002f8                USART3_EXTI28_IRQHandler
                0x00000000080002f8                TIM7_IRQHandler
                0x00000000080002f8                I2C3_EV_IRQHandler
                0x00000000080002f8                EXTI9_5_IRQHandler
                0x00000000080002f8                DMA1_CH2_IRQHandler
                0x00000000080002f8                RTC_WKUP_IRQHandler
                0x00000000080002f8                SPI2_IRQHandler
                0x00000000080002f8                DMA1_CH1_IRQHandler
                0x00000000080002f8                USB_LP_CAN_RX0_IRQHandler
                0x00000000080002f8                MemManage_Handler
                0x00000000080002f8                COMP123_IRQHandler
                0x00000000080002f8                SVC_Handler
                0x00000000080002f8                USB_LP_IRQHandler
                0x00000000080002f8                EXTI4_IRQHandler
                0x00000000080002f8                TIM1_TRG_COM_TIM17_IRQHandler
                0x00000000080002f8                ADC4_IRQHandler
                0x00000000080002f8                WWDG_IRQHandler
                0x00000000080002f8                TIM2_IRQHandler
                0x00000000080002f8                COMP7_IRQHandler
                0x00000000080002f8                EXTI1_IRQHandler
                0x00000000080002f8                RTCAlarm_IRQHandler
                0x00000000080002f8                UART5_EXTI35_IRQHandler
                0x00000000080002f8                TIM20_BRK_IRQHandler
                0x00000000080002f8                I2C2_ER_IRQHandler
                0x00000000080002f8                TIM8_BRK_IRQHandler
                0x00000000080002f8                FLASH_IRQHandler
                0x00000000080002f8                TIM20_CC_IRQHandler
                0x00000000080002f8                BusFault_Handler
                0x00000000080002f8                SPI3_IRQHandler
                0x00000000080002f8                DMA2_CH3_IRQHandler
                0x00000000080002f8                DMA2_CH2_IRQHandler
                0x00000000080002f8                I2C1_ER_IRQHandler
                0x00000000080002f8                FMC_IRQHandler
                0x00000000080002f8                DMA1_CH5_IRQHandler
                0x00000000080002f8                DMA2_CH4_IRQHandler
                0x00000000080002f8                USB_WKUP_IRQHandler
                0x00000000080002f8                EXTI2_TSC_IRQHandler
                0x00000000080002f8                TIM1_BRK_TIM15_IRQHandler
 *fill*         0x00000000080002fa        0x2 
 .text.GPIO_Init
                0x00000000080002fc      0x2f4 ./drivers/Src/stm32f303xx_gpio_driver.o
                0x00000000080002fc                GPIO_Init
 .text.GPIO_PeriClockControl
                0x00000000080005f0      0x13c ./drivers/Src/stm32f303xx_gpio_driver.o
                0x00000000080005f0                GPIO_PeriClockControl
 .text.GPIO_ToggleOutputPin
                0x000000000800072c       0x2a ./drivers/Src/stm32f303xx_gpio_driver.o
                0x000000000800072c                GPIO_ToggleOutputPin
 *fill*         0x0000000008000756        0x2 
 .text.GPIO_IRQInterruptConfig
                0x0000000008000758      0x10c ./drivers/Src/stm32f303xx_gpio_driver.o
                0x0000000008000758                GPIO_IRQInterruptConfig
 .text.GPIO_IRQPriorityConfig
                0x0000000008000864       0x54 ./drivers/Src/stm32f303xx_gpio_driver.o
                0x0000000008000864                GPIO_IRQPriorityConfig
 .text.GPIO_IRQHandling
                0x00000000080008b8       0x40 ./drivers/Src/stm32f303xx_gpio_driver.o
                0x00000000080008b8                GPIO_IRQHandling
 .text.__libc_init_array
                0x00000000080008f8       0x48 c:/apps/stm32cubeide_1.12.1/stm32cubeide/plugins/com.st.stm32cube.ide.mcu.externaltools.gnu-tools-for-stm32.10.3-2021.10.win32_1.0.200.202301161003/tools/bin/../lib/gcc/arm-none-eabi/10.3.1/../../../../arm-none-eabi/lib/thumb/v7e-m+fp/hard\libc_nano.a(lib_a-init.o)
                0x00000000080008f8                __libc_init_array
 .text.memset   0x0000000008000940       0x10 c:/apps/stm32cubeide_1.12.1/stm32cubeide/plugins/com.st.stm32cube.ide.mcu.externaltools.gnu-tools-for-stm32.10.3-2021.10.win32_1.0.200.202301161003/tools/bin/../lib/gcc/arm-none-eabi/10.3.1/../../../../arm-none-eabi/lib/thumb/v7e-m+fp/hard\libc_nano.a(lib_a-memset.o)
                0x0000000008000940                memset
 *(.glue_7)
 .glue_7        0x0000000008000950        0x0 linker stubs
 *(.glue_7t)
 .glue_7t       0x0000000008000950        0x0 linker stubs
 *(.eh_frame)
 .eh_frame      0x0000000008000950        0x0 c:/apps/stm32cubeide_1.12.1/stm32cubeide/plugins/com.st.stm32cube.ide.mcu.externaltools.gnu-tools-for-stm32.10.3-2021.10.win32_1.0.200.202301161003/tools/bin/../lib/gcc/arm-none-eabi/10.3.1/thumb/v7e-m+fp/hard/crtbegin.o
 *(.init)
 .init          0x0000000008000950        0x4 c:/apps/stm32cubeide_1.12.1/stm32cubeide/plugins/com.st.stm32cube.ide.mcu.externaltools.gnu-tools-for-stm32.10.3-2021.10.win32_1.0.200.202301161003/tools/bin/../lib/gcc/arm-none-eabi/10.3.1/thumb/v7e-m+fp/hard/crti.o
                0x0000000008000950                _init
 .init          0x0000000008000954        0x8 c:/apps/stm32cubeide_1.12.1/stm32cubeide/plugins/com.st.stm32cube.ide.mcu.externaltools.gnu-tools-for-stm32.10.3-2021.10.win32_1.0.200.202301161003/tools/bin/../lib/gcc/arm-none-eabi/10.3.1/thumb/v7e-m+fp/hard/crtn.o
 *(.fini)
 .fini          0x000000000800095c        0x4 c:/apps/stm32cubeide_1.12.1/stm32cubeide/plugins/com.st.stm32cube.ide.mcu.externaltools.gnu-tools-for-stm32.10.3-2021.10.win32_1.0.200.202301161003/tools/bin/../lib/gcc/arm-none-eabi/10.3.1/thumb/v7e-m+fp/hard/crti.o
                0x000000000800095c                _fini
 .fini          0x0000000008000960        0x8 c:/apps/stm32cubeide_1.12.1/stm32cubeide/plugins/com.st.stm32cube.ide.mcu.externaltools.gnu-tools-for-stm32.10.3-2021.10.win32_1.0.200.202301161003/tools/bin/../lib/gcc/arm-none-eabi/10.3.1/thumb/v7e-m+fp/hard/crtn.o
                0x0000000008000968                . = ALIGN (0x4)
                0x0000000008000968                _etext = .

.vfp11_veneer   0x0000000008000968        0x0
 .vfp11_veneer  0x0000000008000968        0x0 linker stubs

.v4_bx          0x0000000008000968        0x0
 .v4_bx         0x0000000008000968        0x0 linker stubs

.iplt           0x0000000008000968        0x0
 .iplt          0x0000000008000968        0x0 c:/apps/stm32cubeide_1.12.1/stm32cubeide/plugins/com.st.stm32cube.ide.mcu.externaltools.gnu-tools-for-stm32.10.3-2021.10.win32_1.0.200.202301161003/tools/bin/../lib/gcc/arm-none-eabi/10.3.1/thumb/v7e-m+fp/hard/crtbegin.o

.rel.dyn        0x0000000008000968        0x0
 .rel.iplt      0x0000000008000968        0x0 c:/apps/stm32cubeide_1.12.1/stm32cubeide/plugins/com.st.stm32cube.ide.mcu.externaltools.gnu-tools-for-stm32.10.3-2021.10.win32_1.0.200.202301161003/tools/bin/../lib/gcc/arm-none-eabi/10.3.1/thumb/v7e-m+fp/hard/crtbegin.o

.rodata         0x0000000008000968        0x0
                0x0000000008000968                . = ALIGN (0x4)
 *(.rodata)
 *(.rodata*)
                0x0000000008000968                . = ALIGN (0x4)

.ARM.extab      0x0000000008000968        0x0
                0x0000000008000968                . = ALIGN (0x4)
 *(.ARM.extab* .gnu.linkonce.armextab.*)
                0x0000000008000968                . = ALIGN (0x4)

.ARM            0x0000000008000968        0x0
                0x0000000008000968                . = ALIGN (0x4)
                0x0000000008000968                __exidx_start = .
 *(.ARM.exidx*)
                0x0000000008000968                __exidx_end = .
                0x0000000008000968                . = ALIGN (0x4)

.preinit_array  0x0000000008000968        0x0
                0x0000000008000968                . = ALIGN (0x4)
                0x0000000008000968                PROVIDE (__preinit_array_start = .)
 *(.preinit_array*)
                0x0000000008000968                PROVIDE (__preinit_array_end = .)
                0x0000000008000968                . = ALIGN (0x4)

.init_array     0x0000000008000968        0x4
                0x0000000008000968                . = ALIGN (0x4)
                0x0000000008000968                PROVIDE (__init_array_start = .)
 *(SORT_BY_NAME(.init_array.*))
 *(.init_array*)
 .init_array    0x0000000008000968        0x4 c:/apps/stm32cubeide_1.12.1/stm32cubeide/plugins/com.st.stm32cube.ide.mcu.externaltools.gnu-tools-for-stm32.10.3-2021.10.win32_1.0.200.202301161003/tools/bin/../lib/gcc/arm-none-eabi/10.3.1/thumb/v7e-m+fp/hard/crtbegin.o
                0x000000000800096c                PROVIDE (__init_array_end = .)
                0x000000000800096c                . = ALIGN (0x4)

.fini_array     0x000000000800096c        0x4
                0x000000000800096c                . = ALIGN (0x4)
                [!provide]                        PROVIDE (__fini_array_start = .)
 *(SORT_BY_NAME(.fini_array.*))
 *(.fini_array*)
 .fini_array    0x000000000800096c        0x4 c:/apps/stm32cubeide_1.12.1/stm32cubeide/plugins/com.st.stm32cube.ide.mcu.externaltools.gnu-tools-for-stm32.10.3-2021.10.win32_1.0.200.202301161003/tools/bin/../lib/gcc/arm-none-eabi/10.3.1/thumb/v7e-m+fp/hard/crtbegin.o
                [!provide]                        PROVIDE (__fini_array_end = .)
                0x0000000008000970                . = ALIGN (0x4)
                0x0000000008000970                _sidata = LOADADDR (.data)

.data           0x0000000020000000        0x0 load address 0x0000000008000970
                0x0000000020000000                . = ALIGN (0x4)
                0x0000000020000000                _sdata = .
 *(.data)
 *(.data*)
 *(.RamFunc)
 *(.RamFunc*)
                0x0000000020000000                . = ALIGN (0x4)
                0x0000000020000000                _edata = .
                0x0000000008000970                _siccmram = LOADADDR (.ccmram)

.igot.plt       0x0000000020000000        0x0 load address 0x0000000008000970
 .igot.plt      0x0000000020000000        0x0 c:/apps/stm32cubeide_1.12.1/stm32cubeide/plugins/com.st.stm32cube.ide.mcu.externaltools.gnu-tools-for-stm32.10.3-2021.10.win32_1.0.200.202301161003/tools/bin/../lib/gcc/arm-none-eabi/10.3.1/thumb/v7e-m+fp/hard/crtbegin.o

.ccmram         0x0000000010000000        0x0 load address 0x0000000008000970
                0x0000000010000000                . = ALIGN (0x4)
                0x0000000010000000                _sccmram = .
 *(.ccmram)
 *(.ccmram*)
                0x0000000010000000                . = ALIGN (0x4)
                0x0000000010000000                _eccmram = .
                0x0000000010000000                . = ALIGN (0x4)

.bss            0x0000000020000000       0x1c
                0x0000000020000000                _sbss = .
                0x0000000020000000                __bss_start__ = _sbss
 *(.bss)
 .bss           0x0000000020000000       0x1c c:/apps/stm32cubeide_1.12.1/stm32cubeide/plugins/com.st.stm32cube.ide.mcu.externaltools.gnu-tools-for-stm32.10.3-2021.10.win32_1.0.200.202301161003/tools/bin/../lib/gcc/arm-none-eabi/10.3.1/thumb/v7e-m+fp/hard/crtbegin.o
 *(.bss*)
 *(COMMON)
                0x000000002000001c                . = ALIGN (0x4)
                0x000000002000001c                _ebss = .
                0x000000002000001c                __bss_end__ = _ebss

._user_heap_stack
                0x000000002000001c      0x604
                0x0000000020000020                . = ALIGN (0x8)
 *fill*         0x000000002000001c        0x4 
                [!provide]                        PROVIDE (end = .)
                0x0000000020000020                PROVIDE (_end = .)
                0x0000000020000220                . = (. + _Min_Heap_Size)
 *fill*         0x0000000020000020      0x200 
                0x0000000020000620                . = (. + _Min_Stack_Size)
 *fill*         0x0000000020000220      0x400 
                0x0000000020000620                . = ALIGN (0x8)

/DISCARD/
 libc.a(*)
 libm.a(*)
 libgcc.a(*)

.ARM.attributes
                0x0000000000000000       0x30
 *(.ARM.attributes)
 .ARM.attributes
                0x0000000000000000       0x1e c:/apps/stm32cubeide_1.12.1/stm32cubeide/plugins/com.st.stm32cube.ide.mcu.externaltools.gnu-tools-for-stm32.10.3-2021.10.win32_1.0.200.202301161003/tools/bin/../lib/gcc/arm-none-eabi/10.3.1/thumb/v7e-m+fp/hard/crti.o
 .ARM.attributes
                0x000000000000001e       0x34 c:/apps/stm32cubeide_1.12.1/stm32cubeide/plugins/com.st.stm32cube.ide.mcu.externaltools.gnu-tools-for-stm32.10.3-2021.10.win32_1.0.200.202301161003/tools/bin/../lib/gcc/arm-none-eabi/10.3.1/thumb/v7e-m+fp/hard/crtbegin.o
 .ARM.attributes
                0x0000000000000052       0x34 ./Src/005_button_interrupt.o
 .ARM.attributes
                0x0000000000000086       0x21 ./Startup/startup_stm32f303vctx.o
 .ARM.attributes
                0x00000000000000a7       0x34 ./drivers/Src/stm32f303xx_gpio_driver.o
 .ARM.attributes
                0x00000000000000db       0x34 c:/apps/stm32cubeide_1.12.1/stm32cubeide/plugins/com.st.stm32cube.ide.mcu.externaltools.gnu-tools-for-stm32.10.3-2021.10.win32_1.0.200.202301161003/tools/bin/../lib/gcc/arm-none-eabi/10.3.1/../../../../arm-none-eabi/lib/thumb/v7e-m+fp/hard\libc_nano.a(lib_a-init.o)
 .ARM.attributes
                0x000000000000010f       0x34 c:/apps/stm32cubeide_1.12.1/stm32cubeide/plugins/com.st.stm32cube.ide.mcu.externaltools.gnu-tools-for-stm32.10.3-2021.10.win32_1.0.200.202301161003/tools/bin/../lib/gcc/arm-none-eabi/10.3.1/../../../../arm-none-eabi/lib/thumb/v7e-m+fp/hard\libc_nano.a(lib_a-memset.o)
 .ARM.attributes
                0x0000000000000143       0x1e c:/apps/stm32cubeide_1.12.1/stm32cubeide/plugins/com.st.stm32cube.ide.mcu.externaltools.gnu-tools-for-stm32.10.3-2021.10.win32_1.0.200.202301161003/tools/bin/../lib/gcc/arm-none-eabi/10.3.1/thumb/v7e-m+fp/hard/crtn.o
OUTPUT(f303xx_drivers.elf elf32-littlearm)
LOAD linker stubs
LOAD c:/apps/stm32cubeide_1.12.1/stm32cubeide/plugins/com.st.stm32cube.ide.mcu.externaltools.gnu-tools-for-stm32.10.3-2021.10.win32_1.0.200.202301161003/tools/bin/../lib/gcc/arm-none-eabi/10.3.1/../../../../arm-none-eabi/lib/thumb/v7e-m+fp/hard\libc.a
LOAD c:/apps/stm32cubeide_1.12.1/stm32cubeide/plugins/com.st.stm32cube.ide.mcu.externaltools.gnu-tools-for-stm32.10.3-2021.10.win32_1.0.200.202301161003/tools/bin/../lib/gcc/arm-none-eabi/10.3.1/../../../../arm-none-eabi/lib/thumb/v7e-m+fp/hard\libm.a
LOAD c:/apps/stm32cubeide_1.12.1/stm32cubeide/plugins/com.st.stm32cube.ide.mcu.externaltools.gnu-tools-for-stm32.10.3-2021.10.win32_1.0.200.202301161003/tools/bin/../lib/gcc/arm-none-eabi/10.3.1/thumb/v7e-m+fp/hard\libgcc.a

.debug_info     0x0000000000000000      0xa0c
 .debug_info    0x0000000000000000      0x323 ./Src/005_button_interrupt.o
 .debug_info    0x0000000000000323       0x22 ./Startup/startup_stm32f303vctx.o
 .debug_info    0x0000000000000345      0x6c7 ./drivers/Src/stm32f303xx_gpio_driver.o

.debug_abbrev   0x0000000000000000      0x273
 .debug_abbrev  0x0000000000000000      0x146 ./Src/005_button_interrupt.o
 .debug_abbrev  0x0000000000000146       0x12 ./Startup/startup_stm32f303vctx.o
 .debug_abbrev  0x0000000000000158      0x11b ./drivers/Src/stm32f303xx_gpio_driver.o

.debug_aranges  0x0000000000000000       0xc8
 .debug_aranges
                0x0000000000000000       0x30 ./Src/005_button_interrupt.o
 .debug_aranges
                0x0000000000000030       0x28 ./Startup/startup_stm32f303vctx.o
 .debug_aranges
                0x0000000000000058       0x70 ./drivers/Src/stm32f303xx_gpio_driver.o

.debug_ranges   0x0000000000000000       0xa0
 .debug_ranges  0x0000000000000000       0x20 ./Src/005_button_interrupt.o
 .debug_ranges  0x0000000000000020       0x20 ./Startup/startup_stm32f303vctx.o
 .debug_ranges  0x0000000000000040       0x60 ./drivers/Src/stm32f303xx_gpio_driver.o

.debug_macro    0x0000000000000000     0x1f92
 .debug_macro   0x0000000000000000      0x186 ./Src/005_button_interrupt.o
 .debug_macro   0x0000000000000186      0xa84 ./Src/005_button_interrupt.o
 .debug_macro   0x0000000000000c0a       0x22 ./Src/005_button_interrupt.o
 .debug_macro   0x0000000000000c2c       0x4c ./Src/005_button_interrupt.o
 .debug_macro   0x0000000000000c78       0x1e ./Src/005_button_interrupt.o
 .debug_macro   0x0000000000000c96       0x94 ./Src/005_button_interrupt.o
 .debug_macro   0x0000000000000d2a       0x3c ./Src/005_button_interrupt.o
 .debug_macro   0x0000000000000d66       0x34 ./Src/005_button_interrupt.o
 .debug_macro   0x0000000000000d9a      0x174 ./Src/005_button_interrupt.o
 .debug_macro   0x0000000000000f0e       0x16 ./Src/005_button_interrupt.o
 .debug_macro   0x0000000000000f24       0x43 ./Src/005_button_interrupt.o
 .debug_macro   0x0000000000000f67       0x57 ./Src/005_button_interrupt.o
 .debug_macro   0x0000000000000fbe       0x34 ./Src/005_button_interrupt.o
 .debug_macro   0x0000000000000ff2       0x10 ./Src/005_button_interrupt.o
 .debug_macro   0x0000000000001002       0x58 ./Src/005_button_interrupt.o
 .debug_macro   0x000000000000105a       0x71 ./Src/005_button_interrupt.o
 .debug_macro   0x00000000000010cb       0x1c ./Src/005_button_interrupt.o
 .debug_macro   0x00000000000010e7      0x12a ./Src/005_button_interrupt.o
 .debug_macro   0x0000000000001211      0x341 ./Src/005_button_interrupt.o
 .debug_macro   0x0000000000001552       0x10 ./Src/005_button_interrupt.o
 .debug_macro   0x0000000000001562       0x35 ./Src/005_button_interrupt.o
 .debug_macro   0x0000000000001597       0x20 ./Src/005_button_interrupt.o
 .debug_macro   0x00000000000015b7      0x103 ./Src/005_button_interrupt.o
 .debug_macro   0x00000000000016ba       0x6a ./Src/005_button_interrupt.o
 .debug_macro   0x0000000000001724      0x1df ./Src/005_button_interrupt.o
 .debug_macro   0x0000000000001903      0x403 ./Src/005_button_interrupt.o
 .debug_macro   0x0000000000001d06       0x70 ./Src/005_button_interrupt.o
 .debug_macro   0x0000000000001d76       0x9a ./Src/005_button_interrupt.o
 .debug_macro   0x0000000000001e10       0xc4 ./Src/005_button_interrupt.o
 .debug_macro   0x0000000000001ed4       0xbe ./drivers/Src/stm32f303xx_gpio_driver.o

.debug_line     0x0000000000000000      0xfa6
 .debug_line    0x0000000000000000      0x61b ./Src/005_button_interrupt.o
 .debug_line    0x000000000000061b       0x84 ./Startup/startup_stm32f303vctx.o
 .debug_line    0x000000000000069f      0x907 ./drivers/Src/stm32f303xx_gpio_driver.o

.debug_str      0x0000000000000000     0x8965
 .debug_str     0x0000000000000000     0x876e ./Src/005_button_interrupt.o
                                       0x897b (size before relaxing)
 .debug_str     0x000000000000876e       0x31 ./Startup/startup_stm32f303vctx.o
                                         0x69 (size before relaxing)
 .debug_str     0x000000000000879f      0x1c6 ./drivers/Src/stm32f303xx_gpio_driver.o
                                       0x5ca9 (size before relaxing)

.comment        0x0000000000000000       0x50
 .comment       0x0000000000000000       0x50 ./Src/005_button_interrupt.o
                                         0x51 (size before relaxing)
 .comment       0x0000000000000050       0x51 ./drivers/Src/stm32f303xx_gpio_driver.o

.debug_frame    0x0000000000000000      0x288
 .debug_frame   0x0000000000000000       0x74 ./Src/005_button_interrupt.o
 .debug_frame   0x0000000000000074      0x1c8 ./drivers/Src/stm32f303xx_gpio_driver.o
 .debug_frame   0x000000000000023c       0x2c c:/apps/stm32cubeide_1.12.1/stm32cubeide/plugins/com.st.stm32cube.ide.mcu.externaltools.gnu-tools-for-stm32.10.3-2021.10.win32_1.0.200.202301161003/tools/bin/../lib/gcc/arm-none-eabi/10.3.1/../../../../arm-none-eabi/lib/thumb/v7e-m+fp/hard\libc_nano.a(lib_a-init.o)
 .debug_frame   0x0000000000000268       0x20 c:/apps/stm32cubeide_1.12.1/stm32cubeide/plugins/com.st.stm32cube.ide.mcu.externaltools.gnu-tools-for-stm32.10.3-2021.10.win32_1.0.200.202301161003/tools/bin/../lib/gcc/arm-none-eabi/10.3.1/../../../../arm-none-eabi/lib/thumb/v7e-m+fp/hard\libc_nano.a(lib_a-memset.o)
