../drivers/Src/f303xx_spi_driver.c:15:6:SPI_PeriClockControl	16	static
../drivers/Src/f303xx_spi_driver.c:31:6:SPI_SSIConfig	16	static
../drivers/Src/f303xx_spi_driver.c:39:6:SPI_Init	24	static
../drivers/Src/f303xx_spi_driver.c:80:6:SPI_DeInit	16	static
../drivers/Src/f303xx_spi_driver.c:84:9:SPI_GetFlagStatus	16	static
../drivers/Src/f303xx_spi_driver.c:92:6:SPI_SSOEConfig	16	static
../drivers/Src/f303xx_spi_driver.c:101:6:SPI_SendData	24	static
../drivers/Src/f303xx_spi_driver.c:123:6:SPI_PeripheralControl	16	static
../drivers/Src/f303xx_spi_driver.c:131:6:SPI_ReceiveData	24	static
../drivers/Src/f303xx_spi_driver.c:154:6:SPI_IRQInterruptConfig	16	static
../drivers/Src/f303xx_spi_driver.c:181:6:SPI_IRQPriorityConfig	24	static
../drivers/Src/f303xx_spi_driver.c:192:6:SPI_IRQHandling	24	static
../drivers/Src/f303xx_spi_driver.c:226:9:SPI_SendDataIT	32	static
../drivers/Src/f303xx_spi_driver.c:246:9:SPI_ReceiveDataIT	32	static
../drivers/Src/f303xx_spi_driver.c:267:13:spiTxeInterruptHandle	16	static
../drivers/Src/f303xx_spi_driver.c:289:13:spiRxneInterruptHandle	16	static
../drivers/Src/f303xx_spi_driver.c:313:13:spiOvrErrInterruptHandle	24	static
../drivers/Src/f303xx_spi_driver.c:329:6:SPI_ClearOVRFlag	24	static
../drivers/Src/f303xx_spi_driver.c:336:6:SPI_CloseTransmission	16	static
../drivers/Src/f303xx_spi_driver.c:343:6:SPI_CloseReception	16	static
../drivers/Src/f303xx_spi_driver.c:351:13:SPI_ApplicationEventCallback	16	static
