Archive member included to satisfy reference by file (symbol)

c:/progra~2/gnuarm~1/102021~1.10/bin/../lib/gcc/arm-none-eabi/10.3.1/../../../../arm-none-eabi/lib/thumb/v7e-m/nofp\libg.a(lib_a-errno.o)
                              CMakeFiles/MCU1_CLion.elf.dir/Core/Src/syscalls.c.obj (__errno)
c:/progra~2/gnuarm~1/102021~1.10/bin/../lib/gcc/arm-none-eabi/10.3.1/../../../../arm-none-eabi/lib/thumb/v7e-m/nofp\libg.a(lib_a-exit.o)
                              c:/progra~2/gnuarm~1/102021~1.10/bin/../lib/gcc/arm-none-eabi/10.3.1/../../../../arm-none-eabi/lib/thumb/v7e-m/nofp/crt0.o (exit)
c:/progra~2/gnuarm~1/102021~1.10/bin/../lib/gcc/arm-none-eabi/10.3.1/../../../../arm-none-eabi/lib/thumb/v7e-m/nofp\libg.a(lib_a-impure.o)
                              c:/progra~2/gnuarm~1/102021~1.10/bin/../lib/gcc/arm-none-eabi/10.3.1/../../../../arm-none-eabi/lib/thumb/v7e-m/nofp\libg.a(lib_a-exit.o) (_global_impure_ptr)
c:/progra~2/gnuarm~1/102021~1.10/bin/../lib/gcc/arm-none-eabi/10.3.1/../../../../arm-none-eabi/lib/thumb/v7e-m/nofp\libg.a(lib_a-init.o)
                              c:/progra~2/gnuarm~1/102021~1.10/bin/../lib/gcc/arm-none-eabi/10.3.1/../../../../arm-none-eabi/lib/thumb/v7e-m/nofp/crt0.o (__libc_init_array)
c:/progra~2/gnuarm~1/102021~1.10/bin/../lib/gcc/arm-none-eabi/10.3.1/../../../../arm-none-eabi/lib/thumb/v7e-m/nofp\libg.a(lib_a-memset.o)
                              c:/progra~2/gnuarm~1/102021~1.10/bin/../lib/gcc/arm-none-eabi/10.3.1/../../../../arm-none-eabi/lib/thumb/v7e-m/nofp/crt0.o (memset)
c:/progra~2/gnuarm~1/102021~1.10/bin/../lib/gcc/arm-none-eabi/10.3.1/../../../../arm-none-eabi/lib/thumb/v7e-m/nofp\libg.a(lib_a-__call_atexit.o)
                              c:/progra~2/gnuarm~1/102021~1.10/bin/../lib/gcc/arm-none-eabi/10.3.1/../../../../arm-none-eabi/lib/thumb/v7e-m/nofp\libg.a(lib_a-exit.o) (__call_exitprocs)
c:/progra~2/gnuarm~1/102021~1.10/bin/../lib/gcc/arm-none-eabi/10.3.1/../../../../arm-none-eabi/lib/thumb/v7e-m/nofp\libg.a(lib_a-atexit.o)
                              c:/progra~2/gnuarm~1/102021~1.10/bin/../lib/gcc/arm-none-eabi/10.3.1/../../../../arm-none-eabi/lib/thumb/v7e-m/nofp\libg.a(lib_a-__call_atexit.o) (atexit)
c:/progra~2/gnuarm~1/102021~1.10/bin/../lib/gcc/arm-none-eabi/10.3.1/../../../../arm-none-eabi/lib/thumb/v7e-m/nofp\libg.a(lib_a-fini.o)
                              c:/progra~2/gnuarm~1/102021~1.10/bin/../lib/gcc/arm-none-eabi/10.3.1/../../../../arm-none-eabi/lib/thumb/v7e-m/nofp\libg.a(lib_a-__call_atexit.o) (__libc_fini_array)
c:/progra~2/gnuarm~1/102021~1.10/bin/../lib/gcc/arm-none-eabi/10.3.1/../../../../arm-none-eabi/lib/thumb/v7e-m/nofp\libg.a(lib_a-lock.o)
                              c:/progra~2/gnuarm~1/102021~1.10/bin/../lib/gcc/arm-none-eabi/10.3.1/../../../../arm-none-eabi/lib/thumb/v7e-m/nofp\libg.a(lib_a-__call_atexit.o) (__retarget_lock_acquire_recursive)
c:/progra~2/gnuarm~1/102021~1.10/bin/../lib/gcc/arm-none-eabi/10.3.1/../../../../arm-none-eabi/lib/thumb/v7e-m/nofp\libg.a(lib_a-__atexit.o)
                              c:/progra~2/gnuarm~1/102021~1.10/bin/../lib/gcc/arm-none-eabi/10.3.1/../../../../arm-none-eabi/lib/thumb/v7e-m/nofp\libg.a(lib_a-atexit.o) (__register_exitproc)

Discarded input sections

 .text          0x00000000        0x0 c:/progra~2/gnuarm~1/102021~1.10/bin/../lib/gcc/arm-none-eabi/10.3.1/thumb/v7e-m/nofp/crti.o
 .data          0x00000000        0x0 c:/progra~2/gnuarm~1/102021~1.10/bin/../lib/gcc/arm-none-eabi/10.3.1/thumb/v7e-m/nofp/crti.o
 .bss           0x00000000        0x0 c:/progra~2/gnuarm~1/102021~1.10/bin/../lib/gcc/arm-none-eabi/10.3.1/thumb/v7e-m/nofp/crti.o
 .data          0x00000000        0x4 c:/progra~2/gnuarm~1/102021~1.10/bin/../lib/gcc/arm-none-eabi/10.3.1/thumb/v7e-m/nofp/crtbegin.o
 .rodata        0x00000000       0x24 c:/progra~2/gnuarm~1/102021~1.10/bin/../lib/gcc/arm-none-eabi/10.3.1/thumb/v7e-m/nofp/crtbegin.o
 .text          0x00000000       0x7c c:/progra~2/gnuarm~1/102021~1.10/bin/../lib/gcc/arm-none-eabi/10.3.1/../../../../arm-none-eabi/lib/thumb/v7e-m/nofp/crt0.o
 .data          0x00000000        0x0 c:/progra~2/gnuarm~1/102021~1.10/bin/../lib/gcc/arm-none-eabi/10.3.1/../../../../arm-none-eabi/lib/thumb/v7e-m/nofp/crt0.o
 .bss           0x00000000        0x0 c:/progra~2/gnuarm~1/102021~1.10/bin/../lib/gcc/arm-none-eabi/10.3.1/../../../../arm-none-eabi/lib/thumb/v7e-m/nofp/crt0.o
 .ARM.extab     0x00000000        0x0 c:/progra~2/gnuarm~1/102021~1.10/bin/../lib/gcc/arm-none-eabi/10.3.1/../../../../arm-none-eabi/lib/thumb/v7e-m/nofp/crt0.o
 .ARM.exidx     0x00000000       0x10 c:/progra~2/gnuarm~1/102021~1.10/bin/../lib/gcc/arm-none-eabi/10.3.1/../../../../arm-none-eabi/lib/thumb/v7e-m/nofp/crt0.o
 .ARM.attributes
                0x00000000       0x1c c:/progra~2/gnuarm~1/102021~1.10/bin/../lib/gcc/arm-none-eabi/10.3.1/../../../../arm-none-eabi/lib/thumb/v7e-m/nofp/crt0.o
 .text          0x00000000        0x0 CMakeFiles/MCU1_CLion.elf.dir/Core/Src/main.c.obj
[...]
Memory Configuration

Name             Origin             Length             Attributes
CCMRAM           0x10000000         0x00002000         xrw
RAM              0x20000000         0x0000a000         xrw
FLASH            0x08000000         0x00040000         xr
*default*        0x00000000         0xffffffff

Linker script and memory map

LOAD c:/progra~2/gnuarm~1/102021~1.10/bin/../lib/gcc/arm-none-eabi/10.3.1/thumb/v7e-m/nofp/crti.o
LOAD c:/progra~2/gnuarm~1/102021~1.10/bin/../lib/gcc/arm-none-eabi/10.3.1/thumb/v7e-m/nofp/crtbegin.o
LOAD c:/progra~2/gnuarm~1/102021~1.10/bin/../lib/gcc/arm-none-eabi/10.3.1/../../../../arm-none-eabi/lib/thumb/v7e-m/nofp/crt0.o
LOAD CMakeFiles/MCU1_CLion.elf.dir/Core/Src/main.c.obj
LOAD CMakeFiles/MCU1_CLion.elf.dir/Core/Src/stm32f3xx_hal_msp.c.obj
LOAD CMakeFiles/MCU1_CLion.elf.dir/Core/Src/stm32f3xx_it.c.obj
LOAD CMakeFiles/MCU1_CLion.elf.dir/Core/Src/syscalls.c.obj
LOAD CMakeFiles/MCU1_CLion.elf.dir/Core/Src/sysmem.c.obj
LOAD CMakeFiles/MCU1_CLion.elf.dir/Core/Src/system_stm32f3xx.c.obj
LOAD CMakeFiles/MCU1_CLion.elf.dir/Core/Startup/startup_stm32f303vctx.s.obj
LOAD CMakeFiles/MCU1_CLion.elf.dir/Core/drivers/Src/f303xx_spi_driver.c.obj
LOAD CMakeFiles/MCU1_CLion.elf.dir/Core/drivers/Src/stm32f303xx_gpio_driver.c.obj
LOAD CMakeFiles/MCU1_CLion.elf.dir/Core/drivers/Src/stm32f303xx_i2c_driver.c.obj
LOAD CMakeFiles/MCU1_CLion.elf.dir/Drivers/STM32F3xx_HAL_Driver/Src/stm32f3xx_hal.c.obj
LOAD CMakeFiles/MCU1_CLion.elf.dir/Drivers/STM32F3xx_HAL_Driver/Src/stm32f3xx_hal_cortex.c.obj
LOAD CMakeFiles/MCU1_CLion.elf.dir/Drivers/STM32F3xx_HAL_Driver/Src/stm32f3xx_hal_dma.c.obj
LOAD CMakeFiles/MCU1_CLion.elf.dir/Drivers/STM32F3xx_HAL_Driver/Src/stm32f3xx_hal_exti.c.obj
LOAD CMakeFiles/MCU1_CLion.elf.dir/Drivers/STM32F3xx_HAL_Driver/Src/stm32f3xx_hal_flash.c.obj
LOAD CMakeFiles/MCU1_CLion.elf.dir/Drivers/STM32F3xx_HAL_Driver/Src/stm32f3xx_hal_flash_ex.c.obj
LOAD CMakeFiles/MCU1_CLion.elf.dir/Drivers/STM32F3xx_HAL_Driver/Src/stm32f3xx_hal_gpio.c.obj
LOAD CMakeFiles/MCU1_CLion.elf.dir/Drivers/STM32F3xx_HAL_Driver/Src/stm32f3xx_hal_i2c.c.obj
LOAD CMakeFiles/MCU1_CLion.elf.dir/Drivers/STM32F3xx_HAL_Driver/Src/stm32f3xx_hal_i2c_ex.c.obj
LOAD CMakeFiles/MCU1_CLion.elf.dir/Drivers/STM32F3xx_HAL_Driver/Src/stm32f3xx_hal_pcd.c.obj
LOAD CMakeFiles/MCU1_CLion.elf.dir/Drivers/STM32F3xx_HAL_Driver/Src/stm32f3xx_hal_pcd_ex.c.obj
LOAD CMakeFiles/MCU1_CLion.elf.dir/Drivers/STM32F3xx_HAL_Driver/Src/stm32f3xx_hal_pwr.c.obj
LOAD CMakeFiles/MCU1_CLion.elf.dir/Drivers/STM32F3xx_HAL_Driver/Src/stm32f3xx_hal_pwr_ex.c.obj
LOAD CMakeFiles/MCU1_CLion.elf.dir/Drivers/STM32F3xx_HAL_Driver/Src/stm32f3xx_hal_rcc.c.obj
LOAD CMakeFiles/MCU1_CLion.elf.dir/Drivers/STM32F3xx_HAL_Driver/Src/stm32f3xx_hal_rcc_ex.c.obj
LOAD CMakeFiles/MCU1_CLion.elf.dir/Drivers/STM32F3xx_HAL_Driver/Src/stm32f3xx_hal_spi.c.obj
LOAD CMakeFiles/MCU1_CLion.elf.dir/Drivers/STM32F3xx_HAL_Driver/Src/stm32f3xx_hal_spi_ex.c.obj
LOAD CMakeFiles/MCU1_CLion.elf.dir/Drivers/STM32F3xx_HAL_Driver/Src/stm32f3xx_hal_tim.c.obj
LOAD CMakeFiles/MCU1_CLion.elf.dir/Drivers/STM32F3xx_HAL_Driver/Src/stm32f3xx_hal_tim_ex.c.obj
LOAD CMakeFiles/MCU1_CLion.elf.dir/Drivers/STM32F3xx_HAL_Driver/Src/stm32f3xx_ll_usb.c.obj
START GROUP
LOAD c:/progra~2/gnuarm~1/102021~1.10/bin/../lib/gcc/arm-none-eabi/10.3.1/thumb/v7e-m/nofp\libgcc.a
LOAD c:/progra~2/gnuarm~1/102021~1.10/bin/../lib/gcc/arm-none-eabi/10.3.1/../../../../arm-none-eabi/lib/thumb/v7e-m/nofp\libg.a
LOAD c:/progra~2/gnuarm~1/102021~1.10/bin/../lib/gcc/arm-none-eabi/10.3.1/../../../../arm-none-eabi/lib/thumb/v7e-m/nofp\libc.a
END GROUP
LOAD c:/progra~2/gnuarm~1/102021~1.10/bin/../lib/gcc/arm-none-eabi/10.3.1/thumb/v7e-m/nofp/crtend.o
LOAD c:/progra~2/gnuarm~1/102021~1.10/bin/../lib/gcc/arm-none-eabi/10.3.1/thumb/v7e-m/nofp/crtn.o
                0x2000a000                _estack = (ORIGIN (RAM) + LENGTH (RAM))
                0x00000200                _Min_Heap_Size = 0x200
                0x00000400                _Min_Stack_Size = 0x400

.isr_vector     0x08000000      0x188
                0x08000000                . = ALIGN (0x4)
 *(.isr_vector)
 .isr_vector    0x08000000      0x188 CMakeFiles/MCU1_CLion.elf.dir/Core/Startup/startup_stm32f303vctx.s.obj
                0x08000000                g_pfnVectors
                0x08000188                . = ALIGN (0x4)

.text           0x08000188      0x64c
                0x08000188                . = ALIGN (0x4)
 *(.text)
 .text          0x08000188       0x40 c:/progra~2/gnuarm~1/102021~1.10/bin/../lib/gcc/arm-none-eabi/10.3.1/thumb/v7e-m/nofp/crtbegin.o
 *(.text*)
 .text.main     0x080001c8       0x70 CMakeFiles/MCU1_CLion.elf.dir/Core/Src/main.c.obj
                0x080001c8                main
 .text.EXTI0_IRQHandler
                0x08000238       0x18 CMakeFiles/MCU1_CLion.elf.dir/Core/Src/main.c.obj
                0x08000238                EXTI0_IRQHandler
 .text.NMI_Handler
                0x08000250        0x2 CMakeFiles/MCU1_CLion.elf.dir/Core/Src/stm32f3xx_it.c.obj
                0x08000250                NMI_Handler
 .text.HardFault_Handler
                0x08000252        0x2 CMakeFiles/MCU1_CLion.elf.dir/Core/Src/stm32f3xx_it.c.obj
                0x08000252                HardFault_Handler
 .text.MemManage_Handler
                0x08000254        0x2 CMakeFiles/MCU1_CLion.elf.dir/Core/Src/stm32f3xx_it.c.obj
                0x08000254                MemManage_Handler
 .text.BusFault_Handler
                0x08000256        0x2 CMakeFiles/MCU1_CLion.elf.dir/Core/Src/stm32f3xx_it.c.obj
                0x08000256                BusFault_Handler
 .text.UsageFault_Handler
                0x08000258        0x2 CMakeFiles/MCU1_CLion.elf.dir/Core/Src/stm32f3xx_it.c.obj
                0x08000258                UsageFault_Handler
 .text.SVC_Handler
                0x0800025a        0x2 CMakeFiles/MCU1_CLion.elf.dir/Core/Src/stm32f3xx_it.c.obj
                0x0800025a                SVC_Handler
 .text.DebugMon_Handler
                0x0800025c        0x2 CMakeFiles/MCU1_CLion.elf.dir/Core/Src/stm32f3xx_it.c.obj
                0x0800025c                DebugMon_Handler
 .text.PendSV_Handler
                0x0800025e        0x2 CMakeFiles/MCU1_CLion.elf.dir/Core/Src/stm32f3xx_it.c.obj
                0x0800025e                PendSV_Handler
 .text.SysTick_Handler
                0x08000260        0x8 CMakeFiles/MCU1_CLion.elf.dir/Core/Src/stm32f3xx_it.c.obj
                0x08000260                SysTick_Handler
 .text.SystemInit
                0x08000268        0x2 CMakeFiles/MCU1_CLion.elf.dir/Core/Src/system_stm32f3xx.c.obj
                0x08000268                SystemInit
 *fill*         0x0800026a        0x2 
 .text.Reset_Handler
                0x0800026c       0x50 CMakeFiles/MCU1_CLion.elf.dir/Core/Startup/startup_stm32f303vctx.s.obj
                0x0800026c                Reset_Handler
 .text.Default_Handler
                0x080002bc        0x2 CMakeFiles/MCU1_CLion.elf.dir/Core/Startup/startup_stm32f303vctx.s.obj
                0x080002bc                RTC_Alarm_IRQHandler
                0x080002bc                TIM8_TRG_COM_IRQHandler
                0x080002bc                TIM8_CC_IRQHandler
                0x080002bc                TIM1_CC_IRQHandler
                0x080002bc                USB_HP_IRQHandler
                0x080002bc                PVD_IRQHandler
                0x080002bc                TAMP_STAMP_IRQHandler
                0x080002bc                EXTI3_IRQHandler
                0x080002bc                USB_HP_CAN_TX_IRQHandler
                0x080002bc                I2C2_EV_IRQHandler
                0x080002bc                FPU_IRQHandler
                0x080002bc                TIM1_UP_TIM16_IRQHandler
                0x080002bc                ADC1_2_IRQHandler
                0x080002bc                SPI1_IRQHandler
                0x080002bc                CAN_SCE_IRQHandler
                0x080002bc                TIM6_DAC_IRQHandler
                0x080002bc                TIM8_UP_IRQHandler
                0x080002bc                DMA2_Channel2_IRQHandler
                0x080002bc                DMA1_Channel4_IRQHandler
                0x080002bc                USART3_IRQHandler
                0x080002bc                DMA1_Channel7_IRQHandler
                0x080002bc                UART5_IRQHandler
                0x080002bc                ADC3_IRQHandler
                0x080002bc                TIM4_IRQHandler
                0x080002bc                CAN_RX1_IRQHandler
                0x080002bc                DMA2_Channel1_IRQHandler
                0x080002bc                I2C1_EV_IRQHandler
                0x080002bc                DMA1_Channel6_IRQHandler
                0x080002bc                UART4_IRQHandler
                0x080002bc                DMA2_Channel4_IRQHandler
                0x080002bc                TIM3_IRQHandler
                0x080002bc                RCC_IRQHandler
                0x080002bc                DMA1_Channel1_IRQHandler
                0x080002bc                Default_Handler
                0x080002bc                USBWakeUp_RMP_IRQHandler
                0x080002bc                EXTI15_10_IRQHandler
                0x080002bc                TIM7_IRQHandler
                0x080002bc                EXTI9_5_IRQHandler
                0x080002bc                RTC_WKUP_IRQHandler
                0x080002bc                SPI2_IRQHandler
                0x080002bc                USB_LP_CAN_RX0_IRQHandler
                0x080002bc                DMA2_Channel5_IRQHandler
                0x080002bc                DMA1_Channel5_IRQHandler
                0x080002bc                USB_LP_IRQHandler
                0x080002bc                EXTI4_IRQHandler
                0x080002bc                TIM1_TRG_COM_TIM17_IRQHandler
                0x080002bc                DMA1_Channel3_IRQHandler
                0x080002bc                ADC4_IRQHandler
                0x080002bc                WWDG_IRQHandler
                0x080002bc                TIM2_IRQHandler
                0x080002bc                COMP7_IRQHandler
                0x080002bc                COMP1_2_3_IRQHandler
                0x080002bc                EXTI1_IRQHandler
                0x080002bc                USART2_IRQHandler
                0x080002bc                COMP4_5_6_IRQHandler
                0x080002bc                I2C2_ER_IRQHandler
                0x080002bc                DMA1_Channel2_IRQHandler
                0x080002bc                TIM8_BRK_IRQHandler
                0x080002bc                FLASH_IRQHandler
                0x080002bc                USART1_IRQHandler
                0x080002bc                SPI3_IRQHandler
                0x080002bc                I2C1_ER_IRQHandler
                0x080002bc                USBWakeUp_IRQHandler
                0x080002bc                DMA2_Channel3_IRQHandler
                0x080002bc                EXTI2_TSC_IRQHandler
                0x080002bc                TIM1_BRK_TIM15_IRQHandler
 *fill*         0x080002be        0x2 
 .text.GPIO_PeriClockControl
                0x080002c0       0xf8 CMakeFiles/MCU1_CLion.elf.dir/Core/drivers/Src/stm32f303xx_gpio_driver.c.obj
                0x080002c0                GPIO_PeriClockControl
 .text.GPIO_Init
                0x080003b8      0x1b8 CMakeFiles/MCU1_CLion.elf.dir/Core/drivers/Src/stm32f303xx_gpio_driver.c.obj
                0x080003b8                GPIO_Init
 .text.GPIO_ToggleOutputPin
                0x08000570        0xc CMakeFiles/MCU1_CLion.elf.dir/Core/drivers/Src/stm32f303xx_gpio_driver.c.obj
                0x08000570                GPIO_ToggleOutputPin
 .text.GPIO_IRQInterruptConfig
                0x0800057c       0xc4 CMakeFiles/MCU1_CLion.elf.dir/Core/drivers/Src/stm32f303xx_gpio_driver.c.obj
                0x0800057c                GPIO_IRQInterruptConfig
 .text.GPIO_IRQPriorityConfig
                0x08000640       0x20 CMakeFiles/MCU1_CLion.elf.dir/Core/drivers/Src/stm32f303xx_gpio_driver.c.obj
                0x08000640                GPIO_IRQPriorityConfig
 .text.GPIO_IRQHandling
                0x08000660       0x1c CMakeFiles/MCU1_CLion.elf.dir/Core/drivers/Src/stm32f303xx_gpio_driver.c.obj
                0x08000660                GPIO_IRQHandling
 .text.HAL_IncTick
                0x0800067c       0x18 CMakeFiles/MCU1_CLion.elf.dir/Drivers/STM32F3xx_HAL_Driver/Src/stm32f3xx_hal.c.obj
                0x0800067c                HAL_IncTick
 .text.__libc_init_array
                0x08000694       0x48 c:/progra~2/gnuarm~1/102021~1.10/bin/../lib/gcc/arm-none-eabi/10.3.1/../../../../arm-none-eabi/lib/thumb/v7e-m/nofp\libg.a(lib_a-init.o)
                0x08000694                __libc_init_array
 .text.startup.register_fini
                0x080006dc       0x14 c:/progra~2/gnuarm~1/102021~1.10/bin/../lib/gcc/arm-none-eabi/10.3.1/../../../../arm-none-eabi/lib/thumb/v7e-m/nofp\libg.a(lib_a-__call_atexit.o)
 .text.atexit   0x080006f0        0xc c:/progra~2/gnuarm~1/102021~1.10/bin/../lib/gcc/arm-none-eabi/10.3.1/../../../../arm-none-eabi/lib/thumb/v7e-m/nofp\libg.a(lib_a-atexit.o)
                0x080006f0                atexit
 .text.__libc_fini_array
                0x080006fc       0x2c c:/progra~2/gnuarm~1/102021~1.10/bin/../lib/gcc/arm-none-eabi/10.3.1/../../../../arm-none-eabi/lib/thumb/v7e-m/nofp\libg.a(lib_a-fini.o)
                0x080006fc                __libc_fini_array
 .text.__retarget_lock_acquire_recursive
                0x08000728        0x4 c:/progra~2/gnuarm~1/102021~1.10/bin/../lib/gcc/arm-none-eabi/10.3.1/../../../../arm-none-eabi/lib/thumb/v7e-m/nofp\libg.a(lib_a-lock.o)
                0x08000728                __retarget_lock_acquire_recursive
 .text.__retarget_lock_release_recursive
                0x0800072c        0x4 c:/progra~2/gnuarm~1/102021~1.10/bin/../lib/gcc/arm-none-eabi/10.3.1/../../../../arm-none-eabi/lib/thumb/v7e-m/nofp\libg.a(lib_a-lock.o)
                0x0800072c                __retarget_lock_release_recursive
 .text.__register_exitproc
                0x08000730       0x8c c:/progra~2/gnuarm~1/102021~1.10/bin/../lib/gcc/arm-none-eabi/10.3.1/../../../../arm-none-eabi/lib/thumb/v7e-m/nofp\libg.a(lib_a-__atexit.o)
                0x08000730                __register_exitproc
 *(.glue_7)
 .glue_7        0x080007bc        0x0 linker stubs
 *(.glue_7t)
 .glue_7t       0x080007bc        0x0 linker stubs
 *(.eh_frame)
 .eh_frame      0x080007bc        0x0 c:/progra~2/gnuarm~1/102021~1.10/bin/../lib/gcc/arm-none-eabi/10.3.1/thumb/v7e-m/nofp/crtbegin.o
 *(.init)
 .init          0x080007bc        0x4 c:/progra~2/gnuarm~1/102021~1.10/bin/../lib/gcc/arm-none-eabi/10.3.1/thumb/v7e-m/nofp/crti.o
                0x080007bc                _init
 .init          0x080007c0        0x8 c:/progra~2/gnuarm~1/102021~1.10/bin/../lib/gcc/arm-none-eabi/10.3.1/thumb/v7e-m/nofp/crtn.o
 *(.fini)
 .fini          0x080007c8        0x4 c:/progra~2/gnuarm~1/102021~1.10/bin/../lib/gcc/arm-none-eabi/10.3.1/thumb/v7e-m/nofp/crti.o
                0x080007c8                _fini
 .fini          0x080007cc        0x8 c:/progra~2/gnuarm~1/102021~1.10/bin/../lib/gcc/arm-none-eabi/10.3.1/thumb/v7e-m/nofp/crtn.o
                0x080007d4                . = ALIGN (0x4)
                0x080007d4                _etext = .

.vfp11_veneer   0x080007d4        0x0
 .vfp11_veneer  0x080007d4        0x0 linker stubs

.v4_bx          0x080007d4        0x0
 .v4_bx         0x080007d4        0x0 linker stubs

.iplt           0x080007d4        0x0
 .iplt          0x080007d4        0x0 c:/progra~2/gnuarm~1/102021~1.10/bin/../lib/gcc/arm-none-eabi/10.3.1/thumb/v7e-m/nofp/crtbegin.o

.rodata         0x080007d4        0x4
                0x080007d4                . = ALIGN (0x4)
 *(.rodata)
 *(.rodata*)
 .rodata._global_impure_ptr
                0x080007d4        0x4 c:/progra~2/gnuarm~1/102021~1.10/bin/../lib/gcc/arm-none-eabi/10.3.1/../../../../arm-none-eabi/lib/thumb/v7e-m/nofp\libg.a(lib_a-impure.o)
                0x080007d4                _global_impure_ptr
                0x080007d8                . = ALIGN (0x4)

.rel.dyn        0x080007d8        0x0
 .rel.iplt      0x080007d8        0x0 c:/progra~2/gnuarm~1/102021~1.10/bin/../lib/gcc/arm-none-eabi/10.3.1/thumb/v7e-m/nofp/crtbegin.o

.ARM.extab      0x080007d8        0x0
                0x080007d8                . = ALIGN (0x4)
 *(.ARM.extab* .gnu.linkonce.armextab.*)
                0x080007d8                . = ALIGN (0x4)

.ARM            0x080007d8        0x0
                0x080007d8                . = ALIGN (0x4)
                0x080007d8                __exidx_start = .
 *(.ARM.exidx*)
                0x080007d8                __exidx_end = .
                0x080007d8                . = ALIGN (0x4)

.preinit_array  0x080007d8        0x0
                0x080007d8                . = ALIGN (0x4)
                0x080007d8                PROVIDE (__preinit_array_start = .)
 *(.preinit_array*)
                0x080007d8                PROVIDE (__preinit_array_end = .)
                0x080007d8                . = ALIGN (0x4)

.init_array     0x080007d8        0x8
                0x080007d8                . = ALIGN (0x4)
                0x080007d8                PROVIDE (__init_array_start = .)
 *(SORT_BY_NAME(.init_array.*))
 .init_array.00000
                0x080007d8        0x4 c:/progra~2/gnuarm~1/102021~1.10/bin/../lib/gcc/arm-none-eabi/10.3.1/../../../../arm-none-eabi/lib/thumb/v7e-m/nofp\libg.a(lib_a-__call_atexit.o)
 *(.init_array*)
 .init_array    0x080007dc        0x4 c:/progra~2/gnuarm~1/102021~1.10/bin/../lib/gcc/arm-none-eabi/10.3.1/thumb/v7e-m/nofp/crtbegin.o
                0x080007e0                PROVIDE (__init_array_end = .)
                0x080007e0                . = ALIGN (0x4)

.fini_array     0x080007e0        0x4
                0x080007e0                . = ALIGN (0x4)
                0x080007e0                PROVIDE (__fini_array_start = .)
 *(SORT_BY_NAME(.fini_array.*))
 *(.fini_array*)
 .fini_array    0x080007e0        0x4 c:/progra~2/gnuarm~1/102021~1.10/bin/../lib/gcc/arm-none-eabi/10.3.1/thumb/v7e-m/nofp/crtbegin.o
                0x080007e4                PROVIDE (__fini_array_end = .)
                0x080007e4                . = ALIGN (0x4)
                0x080007e4                _sidata = LOADADDR (.data)

.data           0x20000000      0x434 load address 0x080007e4
                0x20000000                . = ALIGN (0x4)
                0x20000000                _sdata = .
 *(.data)
 *(.data*)
 .data.uwTickFreq
                0x20000000        0x1 CMakeFiles/MCU1_CLion.elf.dir/Drivers/STM32F3xx_HAL_Driver/Src/stm32f3xx_hal.c.obj
                0x20000000                uwTickFreq
 *fill*         0x20000001        0x7 
 .data.impure_data
                0x20000008      0x428 c:/progra~2/gnuarm~1/102021~1.10/bin/../lib/gcc/arm-none-eabi/10.3.1/../../../../arm-none-eabi/lib/thumb/v7e-m/nofp\libg.a(lib_a-impure.o)
 .data.__atexit_recursive_mutex
                0x20000430        0x4 c:/progra~2/gnuarm~1/102021~1.10/bin/../lib/gcc/arm-none-eabi/10.3.1/../../../../arm-none-eabi/lib/thumb/v7e-m/nofp\libg.a(lib_a-__call_atexit.o)
                0x20000430                __atexit_recursive_mutex
 *(.RamFunc)
 *(.RamFunc*)
                0x20000434                . = ALIGN (0x4)
                0x20000434                _edata = .
                0x08000c18                _siccmram = LOADADDR (.ccmram)

.igot.plt       0x20000434        0x0 load address 0x08000c18
 .igot.plt      0x20000434        0x0 c:/progra~2/gnuarm~1/102021~1.10/bin/../lib/gcc/arm-none-eabi/10.3.1/thumb/v7e-m/nofp/crtbegin.o

.ccmram         0x10000000        0x0 load address 0x08000c18
                0x10000000                . = ALIGN (0x4)
                0x10000000                _sccmram = .
 *(.ccmram)
 *(.ccmram*)
                0x10000000                . = ALIGN (0x4)
                0x10000000                _eccmram = .
                0x10000000                . = ALIGN (0x4)

.bss            0x20000434       0x24
                0x20000434                _sbss = .
                0x20000434                __bss_start__ = _sbss
 *(.bss)
 .bss           0x20000434       0x1c c:/progra~2/gnuarm~1/102021~1.10/bin/../lib/gcc/arm-none-eabi/10.3.1/thumb/v7e-m/nofp/crtbegin.o
 *(.bss*)
 .bss.uwTick    0x20000450        0x4 CMakeFiles/MCU1_CLion.elf.dir/Drivers/STM32F3xx_HAL_Driver/Src/stm32f3xx_hal.c.obj
                0x20000450                uwTick
 .bss.__lock___atexit_recursive_mutex
                0x20000454        0x1 c:/progra~2/gnuarm~1/102021~1.10/bin/../lib/gcc/arm-none-eabi/10.3.1/../../../../arm-none-eabi/lib/thumb/v7e-m/nofp\libg.a(lib_a-lock.o)
                0x20000454                __lock___atexit_recursive_mutex
 *(COMMON)
                0x20000458                . = ALIGN (0x4)
 *fill*         0x20000455        0x3 
                0x20000458                _ebss = .
                0x20000458                __bss_end__ = _ebss

._user_heap_stack
                0x20000458      0x600
                0x20000458                . = ALIGN (0x8)
                [!provide]                PROVIDE (end = .)
                0x20000458                PROVIDE (_end = .)
                0x20000658                . = (. + _Min_Heap_Size)
 *fill*         0x20000458      0x200 
                0x20000a58                . = (. + _Min_Stack_Size)
 *fill*         0x20000658      0x400 
                0x20000a58                . = ALIGN (0x8)

/DISCARD/
 libc.a(*)
 libm.a(*)
 libgcc.a(*)

.ARM.attributes
                0x00000000       0x2a
 *(.ARM.attributes)
 .ARM.attributes
                0x00000000       0x1e c:/progra~2/gnuarm~1/102021~1.10/bin/../lib/gcc/arm-none-eabi/10.3.1/thumb/v7e-m/nofp/crti.o
 .ARM.attributes
                0x0000001e       0x2e c:/progra~2/gnuarm~1/102021~1.10/bin/../lib/gcc/arm-none-eabi/10.3.1/thumb/v7e-m/nofp/crtbegin.o
 .ARM.attributes
                0x0000004c       0x2e CMakeFiles/MCU1_CLion.elf.dir/Core/Src/main.c.obj
 .ARM.attributes
                0x0000007a       0x2e CMakeFiles/MCU1_CLion.elf.dir/Core/Src/stm32f3xx_it.c.obj
 .ARM.attributes
                0x000000a8       0x2e CMakeFiles/MCU1_CLion.elf.dir/Core/Src/system_stm32f3xx.c.obj
 .ARM.attributes
                0x000000d6       0x21 CMakeFiles/MCU1_CLion.elf.dir/Core/Startup/startup_stm32f303vctx.s.obj
 .ARM.attributes
                0x000000f7       0x2e CMakeFiles/MCU1_CLion.elf.dir/Core/drivers/Src/stm32f303xx_gpio_driver.c.obj
 .ARM.attributes
                0x00000125       0x2e CMakeFiles/MCU1_CLion.elf.dir/Drivers/STM32F3xx_HAL_Driver/Src/stm32f3xx_hal.c.obj
 .ARM.attributes
                0x00000153       0x2e c:/progra~2/gnuarm~1/102021~1.10/bin/../lib/gcc/arm-none-eabi/10.3.1/../../../../arm-none-eabi/lib/thumb/v7e-m/nofp\libg.a(lib_a-impure.o)
 .ARM.attributes
                0x00000181       0x2e c:/progra~2/gnuarm~1/102021~1.10/bin/../lib/gcc/arm-none-eabi/10.3.1/../../../../arm-none-eabi/lib/thumb/v7e-m/nofp\libg.a(lib_a-init.o)
 .ARM.attributes
                0x000001af       0x2e c:/progra~2/gnuarm~1/102021~1.10/bin/../lib/gcc/arm-none-eabi/10.3.1/../../../../arm-none-eabi/lib/thumb/v7e-m/nofp\libg.a(lib_a-__call_atexit.o)
 .ARM.attributes
                0x000001dd       0x2e c:/progra~2/gnuarm~1/102021~1.10/bin/../lib/gcc/arm-none-eabi/10.3.1/../../../../arm-none-eabi/lib/thumb/v7e-m/nofp\libg.a(lib_a-atexit.o)
 .ARM.attributes
                0x0000020b       0x2e c:/progra~2/gnuarm~1/102021~1.10/bin/../lib/gcc/arm-none-eabi/10.3.1/../../../../arm-none-eabi/lib/thumb/v7e-m/nofp\libg.a(lib_a-fini.o)
 .ARM.attributes
                0x00000239       0x2e c:/progra~2/gnuarm~1/102021~1.10/bin/../lib/gcc/arm-none-eabi/10.3.1/../../../../arm-none-eabi/lib/thumb/v7e-m/nofp\libg.a(lib_a-lock.o)
 .ARM.attributes
                0x00000267       0x2e c:/progra~2/gnuarm~1/102021~1.10/bin/../lib/gcc/arm-none-eabi/10.3.1/../../../../arm-none-eabi/lib/thumb/v7e-m/nofp\libg.a(lib_a-__atexit.o)
 .ARM.attributes
                0x00000295       0x1e c:/progra~2/gnuarm~1/102021~1.10/bin/../lib/gcc/arm-none-eabi/10.3.1/thumb/v7e-m/nofp/crtn.o
OUTPUT(MCU1_CLion.elf elf32-littlearm)
LOAD linker stubs
LOAD c:/progra~2/gnuarm~1/102021~1.10/bin/../lib/gcc/arm-none-eabi/10.3.1/../../../../arm-none-eabi/lib/thumb/v7e-m/nofp\libc.a
LOAD c:/progra~2/gnuarm~1/102021~1.10/bin/../lib/gcc/arm-none-eabi/10.3.1/../../../../arm-none-eabi/lib/thumb/v7e-m/nofp\libm.a
LOAD c:/progra~2/gnuarm~1/102021~1.10/bin/../lib/gcc/arm-none-eabi/10.3.1/thumb/v7e-m/nofp\libgcc.a

.debug_info     0x00000000     0x16dd
 .debug_info    0x00000000      0x379 CMakeFiles/MCU1_CLion.elf.dir/Core/Src/main.c.obj
 .debug_info    0x00000379      0x130 CMakeFiles/MCU1_CLion.elf.dir/Core/Src/stm32f3xx_it.c.obj
 .debug_info    0x000004a9      0x26b CMakeFiles/MCU1_CLion.elf.dir/Core/Src/system_stm32f3xx.c.obj
 .debug_info    0x00000714       0x22 CMakeFiles/MCU1_CLion.elf.dir/Core/Startup/startup_stm32f303vctx.s.obj
 .debug_info    0x00000736      0x72c CMakeFiles/MCU1_CLion.elf.dir/Core/drivers/Src/stm32f303xx_gpio_driver.c.obj
 .debug_info    0x00000e62      0x87b CMakeFiles/MCU1_CLion.elf.dir/Drivers/STM32F3xx_HAL_Driver/Src/stm32f3xx_hal.c.obj

.debug_abbrev   0x00000000      0x605
 .debug_abbrev  0x00000000      0x12b CMakeFiles/MCU1_CLion.elf.dir/Core/Src/main.c.obj
 .debug_abbrev  0x0000012b       0x7e CMakeFiles/MCU1_CLion.elf.dir/Core/Src/stm32f3xx_it.c.obj
 .debug_abbrev  0x000001a9      0x119 CMakeFiles/MCU1_CLion.elf.dir/Core/Src/system_stm32f3xx.c.obj
 .debug_abbrev  0x000002c2       0x12 CMakeFiles/MCU1_CLion.elf.dir/Core/Startup/startup_stm32f303vctx.s.obj
 .debug_abbrev  0x000002d4      0x12a CMakeFiles/MCU1_CLion.elf.dir/Core/drivers/Src/stm32f303xx_gpio_driver.c.obj
 .debug_abbrev  0x000003fe      0x207 CMakeFiles/MCU1_CLion.elf.dir/Drivers/STM32F3xx_HAL_Driver/Src/stm32f3xx_hal.c.obj

.debug_loc      0x00000000      0x6c2
 .debug_loc     0x00000000       0x23 CMakeFiles/MCU1_CLion.elf.dir/Core/Src/main.c.obj
 .debug_loc     0x00000023      0x123 CMakeFiles/MCU1_CLion.elf.dir/Core/Src/system_stm32f3xx.c.obj
 .debug_loc     0x00000146      0x43b CMakeFiles/MCU1_CLion.elf.dir/Core/drivers/Src/stm32f303xx_gpio_driver.c.obj
 .debug_loc     0x00000581      0x141 CMakeFiles/MCU1_CLion.elf.dir/Drivers/STM32F3xx_HAL_Driver/Src/stm32f3xx_hal.c.obj

.debug_aranges  0x00000000      0x230
 .debug_aranges
                0x00000000       0x30 CMakeFiles/MCU1_CLion.elf.dir/Core/Src/main.c.obj
 .debug_aranges
                0x00000030       0x60 CMakeFiles/MCU1_CLion.elf.dir/Core/Src/stm32f3xx_it.c.obj
 .debug_aranges
                0x00000090       0x28 CMakeFiles/MCU1_CLion.elf.dir/Core/Src/system_stm32f3xx.c.obj
 .debug_aranges
                0x000000b8       0x28 CMakeFiles/MCU1_CLion.elf.dir/Core/Startup/startup_stm32f303vctx.s.obj
 .debug_aranges
                0x000000e0       0x70 CMakeFiles/MCU1_CLion.elf.dir/Core/drivers/Src/stm32f303xx_gpio_driver.c.obj
 .debug_aranges
                0x00000150       0xe0 CMakeFiles/MCU1_CLion.elf.dir/Drivers/STM32F3xx_HAL_Driver/Src/stm32f3xx_hal.c.obj

.debug_ranges   0x00000000      0x1f0
 .debug_ranges  0x00000000       0x20 CMakeFiles/MCU1_CLion.elf.dir/Core/Src/main.c.obj
 .debug_ranges  0x00000020       0x50 CMakeFiles/MCU1_CLion.elf.dir/Core/Src/stm32f3xx_it.c.obj
 .debug_ranges  0x00000070       0x18 CMakeFiles/MCU1_CLion.elf.dir/Core/Src/system_stm32f3xx.c.obj
 .debug_ranges  0x00000088       0x20 CMakeFiles/MCU1_CLion.elf.dir/Core/Startup/startup_stm32f303vctx.s.obj
 .debug_ranges  0x000000a8       0x78 CMakeFiles/MCU1_CLion.elf.dir/Core/drivers/Src/stm32f303xx_gpio_driver.c.obj
 .debug_ranges  0x00000120       0xd0 CMakeFiles/MCU1_CLion.elf.dir/Drivers/STM32F3xx_HAL_Driver/Src/stm32f3xx_hal.c.obj

.debug_line     0x00000000     0x130f
 .debug_line    0x00000000      0x237 CMakeFiles/MCU1_CLion.elf.dir/Core/Src/main.c.obj
 .debug_line    0x00000237      0x1c9 CMakeFiles/MCU1_CLion.elf.dir/Core/Src/stm32f3xx_it.c.obj
 .debug_line    0x00000400      0x23e CMakeFiles/MCU1_CLion.elf.dir/Core/Src/system_stm32f3xx.c.obj
 .debug_line    0x0000063e       0xae CMakeFiles/MCU1_CLion.elf.dir/Core/Startup/startup_stm32f303vctx.s.obj
 .debug_line    0x000006ec      0x68b CMakeFiles/MCU1_CLion.elf.dir/Core/drivers/Src/stm32f303xx_gpio_driver.c.obj
 .debug_line    0x00000d77      0x598 CMakeFiles/MCU1_CLion.elf.dir/Drivers/STM32F3xx_HAL_Driver/Src/stm32f3xx_hal.c.obj

.debug_str      0x00000000      0xec5
 .debug_str     0x00000000      0x313 CMakeFiles/MCU1_CLion.elf.dir/Core/Src/main.c.obj
                                0x35d (size before relaxing)
 .debug_str     0x00000313       0xdd CMakeFiles/MCU1_CLion.elf.dir/Core/Src/stm32f3xx_it.c.obj
                                0x26d (size before relaxing)
 .debug_str     0x000003f0      0x104 CMakeFiles/MCU1_CLion.elf.dir/Core/Src/system_stm32f3xx.c.obj
                                0x2ba (size before relaxing)
 .debug_str     0x000004f4       0x5c CMakeFiles/MCU1_CLion.elf.dir/Core/Startup/startup_stm32f303vctx.s.obj
                                 0x97 (size before relaxing)
 .debug_str     0x00000550      0x1aa CMakeFiles/MCU1_CLion.elf.dir/Core/drivers/Src/stm32f303xx_gpio_driver.c.obj
                                0x4f7 (size before relaxing)
 .debug_str     0x000006fa      0x7cb CMakeFiles/MCU1_CLion.elf.dir/Drivers/STM32F3xx_HAL_Driver/Src/stm32f3xx_hal.c.obj
                                0x9ee (size before relaxing)

.comment        0x00000000       0x49
 .comment       0x00000000       0x49 CMakeFiles/MCU1_CLion.elf.dir/Core/Src/main.c.obj
                                 0x4a (size before relaxing)
 .comment       0x00000049       0x4a CMakeFiles/MCU1_CLion.elf.dir/Core/Src/stm32f3xx_it.c.obj
 .comment       0x00000049       0x4a CMakeFiles/MCU1_CLion.elf.dir/Core/Src/system_stm32f3xx.c.obj
 .comment       0x00000049       0x4a CMakeFiles/MCU1_CLion.elf.dir/Core/drivers/Src/stm32f303xx_gpio_driver.c.obj
 .comment       0x00000049       0x4a CMakeFiles/MCU1_CLion.elf.dir/Drivers/STM32F3xx_HAL_Driver/Src/stm32f3xx_hal.c.obj

.debug_frame    0x00000000      0x580
 .debug_frame   0x00000000       0x50 CMakeFiles/MCU1_CLion.elf.dir/Core/Src/main.c.obj
 .debug_frame   0x00000050       0xa8 CMakeFiles/MCU1_CLion.elf.dir/Core/Src/stm32f3xx_it.c.obj
 .debug_frame   0x000000f8       0x30 CMakeFiles/MCU1_CLion.elf.dir/Core/Src/system_stm32f3xx.c.obj
 .debug_frame   0x00000128       0xcc CMakeFiles/MCU1_CLion.elf.dir/Core/drivers/Src/stm32f303xx_gpio_driver.c.obj
 .debug_frame   0x000001f4      0x1cc CMakeFiles/MCU1_CLion.elf.dir/Drivers/STM32F3xx_HAL_Driver/Src/stm32f3xx_hal.c.obj
 .debug_frame   0x000003c0       0x2c c:/progra~2/gnuarm~1/102021~1.10/bin/../lib/gcc/arm-none-eabi/10.3.1/../../../../arm-none-eabi/lib/thumb/v7e-m/nofp\libg.a(lib_a-init.o)
 .debug_frame   0x000003ec       0x5c c:/progra~2/gnuarm~1/102021~1.10/bin/../lib/gcc/arm-none-eabi/10.3.1/../../../../arm-none-eabi/lib/thumb/v7e-m/nofp\libg.a(lib_a-__call_atexit.o)
 .debug_frame   0x00000448       0x20 c:/progra~2/gnuarm~1/102021~1.10/bin/../lib/gcc/arm-none-eabi/10.3.1/../../../../arm-none-eabi/lib/thumb/v7e-m/nofp\libg.a(lib_a-atexit.o)
 .debug_frame   0x00000468       0x34 c:/progra~2/gnuarm~1/102021~1.10/bin/../lib/gcc/arm-none-eabi/10.3.1/../../../../arm-none-eabi/lib/thumb/v7e-m/nofp\libg.a(lib_a-fini.o)
 .debug_frame   0x0000049c       0xb0 c:/progra~2/gnuarm~1/102021~1.10/bin/../lib/gcc/arm-none-eabi/10.3.1/../../../../arm-none-eabi/lib/thumb/v7e-m/nofp\libg.a(lib_a-lock.o)
 .debug_frame   0x0000054c       0x34 c:/progra~2/gnuarm~1/102021~1.10/bin/../lib/gcc/arm-none-eabi/10.3.1/../../../../arm-none-eabi/lib/thumb/v7e-m/nofp\libg.a(lib_a-__atexit.o)
