23:44:09 **** Incremental Build of configuration Debug for project f303xx_drivers ****
make -j12 all 
arm-none-eabi-gcc "../Src/main.c" -mcpu=cortex-m4 -std=gnu11 -g3 -DDEBUG -DSTM32F303VCTx -DSTM32 -DSTM32F3 -DSTM32F3DISCOVERY -c -I../Inc -I"C:/education/embedded/c/udemy/MCU1/f303xx_drivers/drivers/Inc" -I"C:/education/embedded/c/udemy/MCU1/f303xx_drivers/drivers" -I"C:/education/embedded/c/udemy/MCU1/f303xx_drivers/drivers/Src" -O0 -ffunction-sections -fdata-sections -Wall -fstack-usage -fcyclomatic-complexity -MMD -MP -MF"Src/main.d" -MT"Src/main.o" --specs=nano.specs -mfpu=fpv4-sp-d16 -mfloat-abi=hard -mthumb -o "Src/main.o"
arm-none-eabi-gcc "../Src/syscalls.c" -mcpu=cortex-m4 -std=gnu11 -g3 -DDEBUG -DSTM32F303VCTx -DSTM32 -DSTM32F3 -DSTM32F3DISCOVERY -c -I../Inc -I"C:/education/embedded/c/udemy/MCU1/f303xx_drivers/drivers/Inc" -I"C:/education/embedded/c/udemy/MCU1/f303xx_drivers/drivers" -I"C:/education/embedded/c/udemy/MCU1/f303xx_drivers/drivers/Src" -O0 -ffunction-sections -fdata-sections -Wall -fstack-usage -fcyclomatic-complexity -MMD -MP -MF"Src/syscalls.d" -MT"Src/syscalls.o" --specs=nano.specs -mfpu=fpv4-sp-d16 -mfloat-abi=hard -mthumb -o "Src/syscalls.o"
arm-none-eabi-gcc "../Src/sysmem.c" -mcpu=cortex-m4 -std=gnu11 -g3 -DDEBUG -DSTM32F303VCTx -DSTM32 -DSTM32F3 -DSTM32F3DISCOVERY -c -I../Inc -I"C:/education/embedded/c/udemy/MCU1/f303xx_drivers/drivers/Inc" -I"C:/education/embedded/c/udemy/MCU1/f303xx_drivers/drivers" -I"C:/education/embedded/c/udemy/MCU1/f303xx_drivers/drivers/Src" -O0 -ffunction-sections -fdata-sections -Wall -fstack-usage -fcyclomatic-complexity -MMD -MP -MF"Src/sysmem.d" -MT"Src/sysmem.o" --specs=nano.specs -mfpu=fpv4-sp-d16 -mfloat-abi=hard -mthumb -o "Src/sysmem.o"
arm-none-eabi-gcc -o "f303xx_drivers.elf" @"objects.list"   -mcpu=cortex-m4 -T"C:\education\embedded\c\udemy\MCU1\f303xx_drivers\STM32F303VCTX_FLASH.ld" --specs=nosys.specs -Wl,-Map="f303xx_drivers.map" -Wl,--gc-sections -static --specs=nano.specs -mfpu=fpv4-sp-d16 -mfloat-abi=hard -mthumb -Wl,--start-group -lc -lm -Wl,--end-group
Finished building target: f303xx_drivers.elf
 
arm-none-eabi-size   f303xx_drivers.elf 
arm-none-eabi-objdump -h -S  f303xx_drivers.elf  > "f303xx_drivers.list"
   text	   data	    bss	    dec	    hex	filename
    664	      8	   1568	   2240	    8c0	f303xx_drivers.elf
Finished building: default.size.stdout
 
Finished building: f303xx_drivers.list
 

23:44:09 Build Finished. 0 errors, 0 warnings. (took 336ms)

